Component: ARM Compiler 5.05 update 1 (build 106) Tool: armlink [4d0efa]

==============================================================================

Section Cross References

    main.o(i.OUT1_Init) refers to stm32f10x_rcc.o(i.RCC_APB2PeriphClockCmd) for RCC_APB2PeriphClockCmd
    main.o(i.OUT1_Init) refers to stm32f10x_gpio.o(i.GPIO_Init) for GPIO_Init
    main.o(i.OUT1_Init) refers to stm32f10x_gpio.o(i.GPIO_ResetBits) for GPIO_ResetBits
    main.o(i.main) refers to systick.o(i.SysTick_Init) for SysTick_Init
    main.o(i.main) refers to misc.o(i.NVIC_PriorityGroupConfig) for NVIC_PriorityGroupConfig
    main.o(i.main) refers to led.o(i.LED_Init) for LED_Init
    main.o(i.main) refers to main.o(i.OUT1_Init) for OUT1_Init
    main.o(i.main) refers to uart5.o(i.uart5_Init) for uart5_Init
    main.o(i.main) refers to rs4851.o(i.RS4851_Init) for RS4851_Init
    main.o(i.main) refers to rs4852.o(i.RS4852_Init) for RS4852_Init
    main.o(i.main) refers to rs4853.o(i.RS4853_Init) for RS4853_Init
    main.o(i.main) refers to rs4854.o(i.RS4854_Init) for RS4854_Init
    main.o(i.main) refers to systick.o(i.delay_ms) for delay_ms
    main.o(i.main) refers to motor.o(i.Motor_Azimuth_Init) for Motor_Azimuth_Init
    main.o(i.main) refers to motor.o(i.Motor_Pitch_Init) for Motor_Pitch_Init
    main.o(i.main) refers to stm32f10x_gpio.o(i.GPIO_SetBits) for GPIO_SetBits
    main.o(i.main) refers to stm32f10x_usart.o(i.USART_SendData) for USART_SendData
    main.o(i.main) refers to uart5.o(i.u11_senddata) for u11_senddata
    main.o(i.main) refers to uart5.o(i.u3_senddata) for u3_senddata
    main.o(i.main) refers to uart5.o(i.u5_senddata) for u5_senddata
    main.o(i.main) refers to main.o(.bss) for POS_BACK
    main.o(i.main) refers to main.o(.data) for pos
    main.o(i.main) refers to motor.o(.data) for Motor_Azimuth_READ
    main.o(i.main) refers to rs4851.o(.data) for flag1
    main.o(i.main) refers to rs4853.o(.data) for flag3
    main.o(i.main) refers to rs4854.o(.data) for BACK2
    startup_stm32f10x_hd.o(RESET) refers to startup_stm32f10x_hd.o(STACK) for __initial_sp
    startup_stm32f10x_hd.o(RESET) refers to startup_stm32f10x_hd.o(.text) for Reset_Handler
    startup_stm32f10x_hd.o(RESET) refers to stm32f10x_it.o(i.NMI_Handler) for NMI_Handler
    startup_stm32f10x_hd.o(RESET) refers to stm32f10x_it.o(i.HardFault_Handler) for HardFault_Handler
    startup_stm32f10x_hd.o(RESET) refers to stm32f10x_it.o(i.MemManage_Handler) for MemManage_Handler
    startup_stm32f10x_hd.o(RESET) refers to stm32f10x_it.o(i.BusFault_Handler) for BusFault_Handler
    startup_stm32f10x_hd.o(RESET) refers to stm32f10x_it.o(i.UsageFault_Handler) for UsageFault_Handler
    startup_stm32f10x_hd.o(RESET) refers to stm32f10x_it.o(i.SVC_Handler) for SVC_Handler
    startup_stm32f10x_hd.o(RESET) refers to stm32f10x_it.o(i.DebugMon_Handler) for DebugMon_Handler
    startup_stm32f10x_hd.o(RESET) refers to stm32f10x_it.o(i.PendSV_Handler) for PendSV_Handler
    startup_stm32f10x_hd.o(RESET) refers to stm32f10x_it.o(i.SysTick_Handler) for SysTick_Handler
    startup_stm32f10x_hd.o(RESET) refers to timer.o(i.TIM2_IRQHandler) for TIM2_IRQHandler
    startup_stm32f10x_hd.o(RESET) refers to rs4851.o(i.USART1_IRQHandler) for USART1_IRQHandler
    startup_stm32f10x_hd.o(RESET) refers to rs4852.o(i.USART2_IRQHandler) for USART2_IRQHandler
    startup_stm32f10x_hd.o(RESET) refers to rs4853.o(i.USART3_IRQHandler) for USART3_IRQHandler
    startup_stm32f10x_hd.o(RESET) refers to rs4854.o(i.UART4_IRQHandler) for UART4_IRQHandler
    startup_stm32f10x_hd.o(RESET) refers to uart5.o(i.UART5_IRQHandler) for UART5_IRQHandler
    startup_stm32f10x_hd.o(.text) refers to system_stm32f10x.o(i.SystemInit) for SystemInit
    startup_stm32f10x_hd.o(.text) refers to entry.o(.ARM.Collect$$$$00000000) for __main
    stm32f10x_gpio.o(i.GPIO_AFIODeInit) refers to stm32f10x_rcc.o(i.RCC_APB2PeriphResetCmd) for RCC_APB2PeriphResetCmd
    stm32f10x_gpio.o(i.GPIO_DeInit) refers to stm32f10x_rcc.o(i.RCC_APB2PeriphResetCmd) for RCC_APB2PeriphResetCmd
    stm32f10x_rcc.o(i.RCC_GetClocksFreq) refers to stm32f10x_rcc.o(.data) for APBAHBPrescTable
    stm32f10x_rcc.o(i.RCC_WaitForHSEStartUp) refers to stm32f10x_rcc.o(i.RCC_GetFlagStatus) for RCC_GetFlagStatus
    stm32f10x_tim.o(i.TIM_DeInit) refers to stm32f10x_rcc.o(i.RCC_APB2PeriphResetCmd) for RCC_APB2PeriphResetCmd
    stm32f10x_tim.o(i.TIM_DeInit) refers to stm32f10x_rcc.o(i.RCC_APB1PeriphResetCmd) for RCC_APB1PeriphResetCmd
    stm32f10x_tim.o(i.TIM_ETRClockMode1Config) refers to stm32f10x_tim.o(i.TIM_ETRConfig) for TIM_ETRConfig
    stm32f10x_tim.o(i.TIM_ETRClockMode2Config) refers to stm32f10x_tim.o(i.TIM_ETRConfig) for TIM_ETRConfig
    stm32f10x_tim.o(i.TIM_ICInit) refers to stm32f10x_tim.o(i.TI1_Config) for TI1_Config
    stm32f10x_tim.o(i.TIM_ICInit) refers to stm32f10x_tim.o(i.TIM_SetIC1Prescaler) for TIM_SetIC1Prescaler
    stm32f10x_tim.o(i.TIM_ICInit) refers to stm32f10x_tim.o(i.TI2_Config) for TI2_Config
    stm32f10x_tim.o(i.TIM_ICInit) refers to stm32f10x_tim.o(i.TIM_SetIC2Prescaler) for TIM_SetIC2Prescaler
    stm32f10x_tim.o(i.TIM_ICInit) refers to stm32f10x_tim.o(i.TI3_Config) for TI3_Config
    stm32f10x_tim.o(i.TIM_ICInit) refers to stm32f10x_tim.o(i.TIM_SetIC3Prescaler) for TIM_SetIC3Prescaler
    stm32f10x_tim.o(i.TIM_ICInit) refers to stm32f10x_tim.o(i.TI4_Config) for TI4_Config
    stm32f10x_tim.o(i.TIM_ICInit) refers to stm32f10x_tim.o(i.TIM_SetIC4Prescaler) for TIM_SetIC4Prescaler
    stm32f10x_tim.o(i.TIM_ITRxExternalClockConfig) refers to stm32f10x_tim.o(i.TIM_SelectInputTrigger) for TIM_SelectInputTrigger
    stm32f10x_tim.o(i.TIM_PWMIConfig) refers to stm32f10x_tim.o(i.TI1_Config) for TI1_Config
    stm32f10x_tim.o(i.TIM_PWMIConfig) refers to stm32f10x_tim.o(i.TIM_SetIC1Prescaler) for TIM_SetIC1Prescaler
    stm32f10x_tim.o(i.TIM_PWMIConfig) refers to stm32f10x_tim.o(i.TI2_Config) for TI2_Config
    stm32f10x_tim.o(i.TIM_PWMIConfig) refers to stm32f10x_tim.o(i.TIM_SetIC2Prescaler) for TIM_SetIC2Prescaler
    stm32f10x_tim.o(i.TIM_TIxExternalClockConfig) refers to stm32f10x_tim.o(i.TI2_Config) for TI2_Config
    stm32f10x_tim.o(i.TIM_TIxExternalClockConfig) refers to stm32f10x_tim.o(i.TI1_Config) for TI1_Config
    stm32f10x_tim.o(i.TIM_TIxExternalClockConfig) refers to stm32f10x_tim.o(i.TIM_SelectInputTrigger) for TIM_SelectInputTrigger
    stm32f10x_usart.o(i.USART_DeInit) refers to stm32f10x_rcc.o(i.RCC_APB2PeriphResetCmd) for RCC_APB2PeriphResetCmd
    stm32f10x_usart.o(i.USART_DeInit) refers to stm32f10x_rcc.o(i.RCC_APB1PeriphResetCmd) for RCC_APB1PeriphResetCmd
    stm32f10x_usart.o(i.USART_Init) refers to stm32f10x_rcc.o(i.RCC_GetClocksFreq) for RCC_GetClocksFreq
    stm32f10x_wwdg.o(i.WWDG_DeInit) refers to stm32f10x_rcc.o(i.RCC_APB1PeriphResetCmd) for RCC_APB1PeriphResetCmd
    stm32f10x_bkp.o(i.BKP_DeInit) refers to stm32f10x_rcc.o(i.RCC_BackupResetCmd) for RCC_BackupResetCmd
    stm32f10x_pwr.o(i.PWR_DeInit) refers to stm32f10x_rcc.o(i.RCC_APB1PeriphResetCmd) for RCC_APB1PeriphResetCmd
    stm32f10x_adc.o(i.ADC_DeInit) refers to stm32f10x_rcc.o(i.RCC_APB2PeriphResetCmd) for RCC_APB2PeriphResetCmd
    stm32f10x_dac.o(i.DAC_DeInit) refers to stm32f10x_rcc.o(i.RCC_APB1PeriphResetCmd) for RCC_APB1PeriphResetCmd
    stm32f10x_rtc.o(i.RTC_SetAlarm) refers to stm32f10x_rtc.o(i.RTC_EnterConfigMode) for RTC_EnterConfigMode
    stm32f10x_rtc.o(i.RTC_SetAlarm) refers to stm32f10x_rtc.o(i.RTC_ExitConfigMode) for RTC_ExitConfigMode
    stm32f10x_rtc.o(i.RTC_SetCounter) refers to stm32f10x_rtc.o(i.RTC_EnterConfigMode) for RTC_EnterConfigMode
    stm32f10x_rtc.o(i.RTC_SetCounter) refers to stm32f10x_rtc.o(i.RTC_ExitConfigMode) for RTC_ExitConfigMode
    stm32f10x_rtc.o(i.RTC_SetPrescaler) refers to stm32f10x_rtc.o(i.RTC_EnterConfigMode) for RTC_EnterConfigMode
    stm32f10x_rtc.o(i.RTC_SetPrescaler) refers to stm32f10x_rtc.o(i.RTC_ExitConfigMode) for RTC_ExitConfigMode
    system_stm32f10x.o(i.SetSysClock) refers to system_stm32f10x.o(i.SetSysClockTo72) for SetSysClockTo72
    system_stm32f10x.o(i.SystemCoreClockUpdate) refers to system_stm32f10x.o(.data) for SystemCoreClock
    system_stm32f10x.o(i.SystemInit) refers to system_stm32f10x.o(i.SetSysClock) for SetSysClock
    systick.o(i.SysTick_Init) refers to misc.o(i.SysTick_CLKSourceConfig) for SysTick_CLKSourceConfig
    systick.o(i.SysTick_Init) refers to systick.o(.data) for fac_us
    systick.o(i.delay_ms) refers to systick.o(.data) for fac_ms
    systick.o(i.delay_us) refers to systick.o(.data) for fac_us
    uart5.o(i.UART5_IRQHandler) refers to stm32f10x_usart.o(i.USART_GetITStatus) for USART_GetITStatus
    uart5.o(i.UART5_IRQHandler) refers to stm32f10x_usart.o(i.USART_ReceiveData) for USART_ReceiveData
    uart5.o(i.UART5_IRQHandler) refers to uart5.o(i.u5_senddata) for u5_senddata
    uart5.o(i.UART5_IRQHandler) refers to stm32f10x_gpio.o(i.GPIO_ResetBits) for GPIO_ResetBits
    uart5.o(i.UART5_IRQHandler) refers to systick.o(i.delay_ms) for delay_ms
    uart5.o(i.UART5_IRQHandler) refers to motor.o(i.Motor_Azimuth_Init) for Motor_Azimuth_Init
    uart5.o(i.UART5_IRQHandler) refers to motor.o(i.Motor_Pitch_Init) for Motor_Pitch_Init
    uart5.o(i.UART5_IRQHandler) refers to motor.o(i.Motor_Azimuth_Move) for Motor_Azimuth_Move
    uart5.o(i.UART5_IRQHandler) refers to motor.o(i.Motor_Pitch_Move) for Motor_Pitch_Move
    uart5.o(i.UART5_IRQHandler) refers to motor.o(i.Motor_CCD_Move) for Motor_CCD_Move
    uart5.o(i.UART5_IRQHandler) refers to uart5.o(.data) for Com5_Flag_CMD
    uart5.o(i.UART5_IRQHandler) refers to uart5.o(.bss) for Com5_CMD_BUF
    uart5.o(i.UART5_IRQHandler) refers to main.o(.bss) for POS_BACK
    uart5.o(i.u11_senddata) refers to systick.o(i.delay_ms) for delay_ms
    uart5.o(i.u1_senddata) refers to systick.o(i.delay_ms) for delay_ms
    uart5.o(i.u2_senddata) refers to systick.o(i.delay_ms) for delay_ms
    uart5.o(i.u33_senddata) refers to systick.o(i.delay_ms) for delay_ms
    uart5.o(i.u3_senddata) refers to systick.o(i.delay_ms) for delay_ms
    uart5.o(i.u4_senddata) refers to systick.o(i.delay_ms) for delay_ms
    uart5.o(i.uart5_Init) refers to stm32f10x_rcc.o(i.RCC_APB1PeriphClockCmd) for RCC_APB1PeriphClockCmd
    uart5.o(i.uart5_Init) refers to stm32f10x_rcc.o(i.RCC_APB2PeriphClockCmd) for RCC_APB2PeriphClockCmd
    uart5.o(i.uart5_Init) refers to stm32f10x_gpio.o(i.GPIO_Init) for GPIO_Init
    uart5.o(i.uart5_Init) refers to misc.o(i.NVIC_Init) for NVIC_Init
    uart5.o(i.uart5_Init) refers to stm32f10x_usart.o(i.USART_Init) for USART_Init
    uart5.o(i.uart5_Init) refers to stm32f10x_usart.o(i.USART_ITConfig) for USART_ITConfig
    uart5.o(i.uart5_Init) refers to stm32f10x_usart.o(i.USART_Cmd) for USART_Cmd
    rs4851.o(i.RS4851_Init) refers to stm32f10x_rcc.o(i.RCC_APB2PeriphClockCmd) for RCC_APB2PeriphClockCmd
    rs4851.o(i.RS4851_Init) refers to stm32f10x_usart.o(i.USART_Init) for USART_Init
    rs4851.o(i.RS4851_Init) refers to stm32f10x_usart.o(i.USART_Cmd) for USART_Cmd
    rs4851.o(i.RS4851_Init) refers to stm32f10x_usart.o(i.USART_ClearFlag) for USART_ClearFlag
    rs4851.o(i.RS4851_Init) refers to stm32f10x_gpio.o(i.GPIO_Init) for GPIO_Init
    rs4851.o(i.RS4851_Init) refers to stm32f10x_usart.o(i.USART_ITConfig) for USART_ITConfig
    rs4851.o(i.RS4851_Init) refers to misc.o(i.NVIC_Init) for NVIC_Init
    rs4851.o(i.USART1_IRQHandler) refers to stm32f10x_usart.o(i.USART_GetITStatus) for USART_GetITStatus
    rs4851.o(i.USART1_IRQHandler) refers to stm32f10x_usart.o(i.USART_ReceiveData) for USART_ReceiveData
    rs4851.o(i.USART1_IRQHandler) refers to motor.o(i.CRC16_MODBUS) for CRC16_MODBUS
    rs4851.o(i.USART1_IRQHandler) refers to stm32f10x_usart.o(i.USART_ClearFlag) for USART_ClearFlag
    rs4851.o(i.USART1_IRQHandler) refers to rs4851.o(.data) for flag1
    rs4851.o(i.USART1_IRQHandler) refers to rs4851.o(.bss) for Res_pos1
    rs4851.o(i.USART1_IRQHandler) refers to main.o(.bss) for POS_BACK
    rs4852.o(i.RS4852_Init) refers to stm32f10x_rcc.o(i.RCC_APB2PeriphClockCmd) for RCC_APB2PeriphClockCmd
    rs4852.o(i.RS4852_Init) refers to stm32f10x_rcc.o(i.RCC_APB1PeriphClockCmd) for RCC_APB1PeriphClockCmd
    rs4852.o(i.RS4852_Init) refers to stm32f10x_gpio.o(i.GPIO_Init) for GPIO_Init
    rs4852.o(i.RS4852_Init) refers to stm32f10x_usart.o(i.USART_Init) for USART_Init
    rs4852.o(i.RS4852_Init) refers to stm32f10x_usart.o(i.USART_Cmd) for USART_Cmd
    rs4852.o(i.RS4852_Init) refers to stm32f10x_usart.o(i.USART_ClearFlag) for USART_ClearFlag
    rs4852.o(i.RS4852_Init) refers to stm32f10x_usart.o(i.USART_ITConfig) for USART_ITConfig
    rs4852.o(i.RS4852_Init) refers to misc.o(i.NVIC_Init) for NVIC_Init
    rs4852.o(i.USART2_IRQHandler) refers to stm32f10x_usart.o(i.USART_GetITStatus) for USART_GetITStatus
    rs4852.o(i.USART2_IRQHandler) refers to stm32f10x_usart.o(i.USART_ClearFlag) for USART_ClearFlag
    rs4853.o(i.RS4853_Init) refers to stm32f10x_rcc.o(i.RCC_APB2PeriphClockCmd) for RCC_APB2PeriphClockCmd
    rs4853.o(i.RS4853_Init) refers to stm32f10x_rcc.o(i.RCC_APB1PeriphClockCmd) for RCC_APB1PeriphClockCmd
    rs4853.o(i.RS4853_Init) refers to stm32f10x_usart.o(i.USART_Init) for USART_Init
    rs4853.o(i.RS4853_Init) refers to stm32f10x_usart.o(i.USART_Cmd) for USART_Cmd
    rs4853.o(i.RS4853_Init) refers to stm32f10x_usart.o(i.USART_ClearFlag) for USART_ClearFlag
    rs4853.o(i.RS4853_Init) refers to stm32f10x_gpio.o(i.GPIO_Init) for GPIO_Init
    rs4853.o(i.RS4853_Init) refers to stm32f10x_usart.o(i.USART_ITConfig) for USART_ITConfig
    rs4853.o(i.RS4853_Init) refers to misc.o(i.NVIC_Init) for NVIC_Init
    rs4853.o(i.USART3_IRQHandler) refers to stm32f10x_usart.o(i.USART_GetITStatus) for USART_GetITStatus
    rs4853.o(i.USART3_IRQHandler) refers to stm32f10x_usart.o(i.USART_ReceiveData) for USART_ReceiveData
    rs4853.o(i.USART3_IRQHandler) refers to motor.o(i.CRC16_MODBUS) for CRC16_MODBUS
    rs4853.o(i.USART3_IRQHandler) refers to stm32f10x_usart.o(i.USART_ClearFlag) for USART_ClearFlag
    rs4853.o(i.USART3_IRQHandler) refers to rs4853.o(.data) for flag3
    rs4853.o(i.USART3_IRQHandler) refers to rs4853.o(.bss) for Res_pos3
    rs4853.o(i.USART3_IRQHandler) refers to main.o(.bss) for POS_BACK
    rs4854.o(i.RS4854_Init) refers to stm32f10x_rcc.o(i.RCC_APB2PeriphClockCmd) for RCC_APB2PeriphClockCmd
    rs4854.o(i.RS4854_Init) refers to stm32f10x_rcc.o(i.RCC_APB1PeriphClockCmd) for RCC_APB1PeriphClockCmd
    rs4854.o(i.RS4854_Init) refers to stm32f10x_usart.o(i.USART_Init) for USART_Init
    rs4854.o(i.RS4854_Init) refers to stm32f10x_usart.o(i.USART_Cmd) for USART_Cmd
    rs4854.o(i.RS4854_Init) refers to stm32f10x_usart.o(i.USART_ClearFlag) for USART_ClearFlag
    rs4854.o(i.RS4854_Init) refers to stm32f10x_gpio.o(i.GPIO_Init) for GPIO_Init
    rs4854.o(i.RS4854_Init) refers to stm32f10x_usart.o(i.USART_ITConfig) for USART_ITConfig
    rs4854.o(i.RS4854_Init) refers to misc.o(i.NVIC_Init) for NVIC_Init
    rs4854.o(i.UART4_IRQHandler) refers to stm32f10x_usart.o(i.USART_GetITStatus) for USART_GetITStatus
    rs4854.o(i.UART4_IRQHandler) refers to stm32f10x_usart.o(i.USART_ReceiveData) for USART_ReceiveData
    rs4854.o(i.UART4_IRQHandler) refers to stm32f10x_usart.o(i.USART_ClearFlag) for USART_ClearFlag
    rs4854.o(i.UART4_IRQHandler) refers to rs4854.o(.data) for a
    rs4854.o(i.UART4_IRQHandler) refers to rs4854.o(.bss) for pos_buff
    rs4854.o(i.UART4_IRQHandler) refers to main.o(.bss) for POS_BACK
    led.o(i.LED_Init) refers to stm32f10x_rcc.o(i.RCC_APB2PeriphClockCmd) for RCC_APB2PeriphClockCmd
    led.o(i.LED_Init) refers to stm32f10x_gpio.o(i.GPIO_Init) for GPIO_Init
    led.o(i.LED_Init) refers to stm32f10x_gpio.o(i.GPIO_ResetBits) for GPIO_ResetBits
    timer.o(i.TIM2_IRQHandler) refers to stm32f10x_tim.o(i.TIM_GetITStatus) for TIM_GetITStatus
    timer.o(i.TIM2_IRQHandler) refers to stm32f10x_tim.o(i.TIM_ClearITPendingBit) for TIM_ClearITPendingBit
    timer.o(i.TIM2_Int_Init) refers to stm32f10x_rcc.o(i.RCC_APB1PeriphClockCmd) for RCC_APB1PeriphClockCmd
    timer.o(i.TIM2_Int_Init) refers to stm32f10x_tim.o(i.TIM_TimeBaseInit) for TIM_TimeBaseInit
    timer.o(i.TIM2_Int_Init) refers to stm32f10x_tim.o(i.TIM_ITConfig) for TIM_ITConfig
    timer.o(i.TIM2_Int_Init) refers to misc.o(i.NVIC_Init) for NVIC_Init
    timer.o(i.TIM2_Int_Init) refers to stm32f10x_tim.o(i.TIM_Cmd) for TIM_Cmd
    timer.o(i.TIM3_Int_Init) refers to stm32f10x_rcc.o(i.RCC_APB1PeriphClockCmd) for RCC_APB1PeriphClockCmd
    timer.o(i.TIM3_Int_Init) refers to stm32f10x_tim.o(i.TIM_TimeBaseInit) for TIM_TimeBaseInit
    timer.o(i.TIM3_Int_Init) refers to stm32f10x_tim.o(i.TIM_ITConfig) for TIM_ITConfig
    timer.o(i.TIM3_Int_Init) refers to misc.o(i.NVIC_Init) for NVIC_Init
    timer.o(i.TIM3_Int_Init) refers to stm32f10x_tim.o(i.TIM_Cmd) for TIM_Cmd
    timer.o(i.command_define) refers to timer.o(.data) for req
    motor.o(i.CRC16_MODBUS) refers to motor.o(i.Invert_Uint8) for Invert_Uint8
    motor.o(i.CRC16_MODBUS) refers to motor.o(i.Invert_Uint16) for Invert_Uint16
    motor.o(i.Motor_Azimuth_Init) refers to uart5.o(i.u3_senddata) for u3_senddata
    motor.o(i.Motor_Azimuth_Init) refers to systick.o(i.delay_ms) for delay_ms
    motor.o(i.Motor_Azimuth_Init) refers to uart5.o(i.u11_senddata) for u11_senddata
    motor.o(i.Motor_Azimuth_Init) refers to uart5.o(i.u33_senddata) for u33_senddata
    motor.o(i.Motor_Azimuth_Init) refers to uart5.o(i.u1_senddata) for u1_senddata
    motor.o(i.Motor_Azimuth_Init) refers to uart5.o(i.u2_senddata) for u2_senddata
    motor.o(i.Motor_Azimuth_Init) refers to uart5.o(.data) for init_flag
    motor.o(i.Motor_Azimuth_Init) refers to motor.o(.data) for Motor_init_startpoint
    motor.o(i.Motor_Azimuth_Move) refers to motor.o(i.CRC16_MODBUS) for CRC16_MODBUS
    motor.o(i.Motor_Azimuth_Move) refers to uart5.o(i.u5_senddata) for u5_senddata
    motor.o(i.Motor_Azimuth_Move) refers to systick.o(i.delay_ms) for delay_ms
    motor.o(i.Motor_Azimuth_Move) refers to uart5.o(i.u11_senddata) for u11_senddata
    motor.o(i.Motor_Azimuth_Move) refers to motor.o(.data) for Motor_Azimuth_Control
    motor.o(i.Motor_CCD_Move) refers to motor.o(i.CRC16_MODBUS) for CRC16_MODBUS
    motor.o(i.Motor_CCD_Move) refers to uart5.o(i.u3_senddata) for u3_senddata
    motor.o(i.Motor_CCD_Move) refers to systick.o(i.delay_ms) for delay_ms
    motor.o(i.Motor_CCD_Move) refers to motor.o(.data) for Motor_CCD_Control
    motor.o(i.Motor_Pitch_Init) refers to systick.o(i.delay_ms) for delay_ms
    motor.o(i.Motor_Pitch_Init) refers to stm32f10x_usart.o(i.USART_SendData) for USART_SendData
    motor.o(i.Motor_Pitch_Init) refers to motor.o(i.Motor_Pitch_Move) for Motor_Pitch_Move
    motor.o(i.Motor_Pitch_Init) refers to rs4854.o(.data) for BACK2
    motor.o(i.Motor_Pitch_Init) refers to motor.o(.data) for x1
    motor.o(i.Motor_Pitch_Init) refers to main.o(.bss) for POS_BACK
    motor.o(i.Motor_Pitch_Move) refers to motor.o(i.CRC16_MODBUS) for CRC16_MODBUS
    motor.o(i.Motor_Pitch_Move) refers to uart5.o(i.u2_senddata) for u2_senddata
    motor.o(i.Motor_Pitch_Move) refers to systick.o(i.delay_ms) for delay_ms
    motor.o(i.Motor_Pitch_Move) refers to motor.o(.data) for Motor_POSITION_Control
    entry.o(.ARM.Collect$$$$00000000) refers (Special) to entry10a.o(.ARM.Collect$$$$0000000D) for __rt_final_cpp
    entry.o(.ARM.Collect$$$$00000000) refers (Special) to entry11a.o(.ARM.Collect$$$$0000000F) for __rt_final_exit
    entry.o(.ARM.Collect$$$$00000000) refers (Special) to entry7b.o(.ARM.Collect$$$$00000008) for _main_clock
    entry.o(.ARM.Collect$$$$00000000) refers (Special) to entry8b.o(.ARM.Collect$$$$0000000A) for _main_cpp_init
    entry.o(.ARM.Collect$$$$00000000) refers (Special) to entry9a.o(.ARM.Collect$$$$0000000B) for _main_init
    entry.o(.ARM.Collect$$$$00000000) refers (Special) to entry5.o(.ARM.Collect$$$$00000004) for _main_scatterload
    entry.o(.ARM.Collect$$$$00000000) refers (Special) to entry2.o(.ARM.Collect$$$$00000001) for _main_stk
    entry2.o(.ARM.Collect$$$$00000001) refers to entry2.o(.ARM.Collect$$$$00002712) for __lit__00000000
    entry2.o(.ARM.Collect$$$$00002712) refers to startup_stm32f10x_hd.o(STACK) for __initial_sp
    entry2.o(__vectab_stack_and_reset_area) refers to startup_stm32f10x_hd.o(STACK) for __initial_sp
    entry2.o(__vectab_stack_and_reset_area) refers to entry.o(.ARM.Collect$$$$00000000) for __main
    entry5.o(.ARM.Collect$$$$00000004) refers to init.o(.text) for __scatterload
    entry9a.o(.ARM.Collect$$$$0000000B) refers to main.o(i.main) for main
    entry9b.o(.ARM.Collect$$$$0000000C) refers to main.o(i.main) for main
    init.o(.text) refers to entry5.o(.ARM.Collect$$$$00000004) for __main_after_scatterload


==============================================================================

Removing Unused input sections from the image.

    Removing startup_stm32f10x_hd.o(HEAP), (512 bytes).
    Removing stm32f10x_gpio.o(i.GPIO_AFIODeInit), (20 bytes).
    Removing stm32f10x_gpio.o(i.GPIO_DeInit), (200 bytes).
    Removing stm32f10x_gpio.o(i.GPIO_ETH_MediaInterfaceConfig), (12 bytes).
    Removing stm32f10x_gpio.o(i.GPIO_EXTILineConfig), (64 bytes).
    Removing stm32f10x_gpio.o(i.GPIO_EventOutputCmd), (12 bytes).
    Removing stm32f10x_gpio.o(i.GPIO_EventOutputConfig), (32 bytes).
    Removing stm32f10x_gpio.o(i.GPIO_PinLockConfig), (18 bytes).
    Removing stm32f10x_gpio.o(i.GPIO_PinRemapConfig), (144 bytes).
    Removing stm32f10x_gpio.o(i.GPIO_ReadInputData), (8 bytes).
    Removing stm32f10x_gpio.o(i.GPIO_ReadInputDataBit), (18 bytes).
    Removing stm32f10x_gpio.o(i.GPIO_ReadOutputData), (8 bytes).
    Removing stm32f10x_gpio.o(i.GPIO_ReadOutputDataBit), (18 bytes).
    Removing stm32f10x_gpio.o(i.GPIO_StructInit), (16 bytes).
    Removing stm32f10x_gpio.o(i.GPIO_Write), (4 bytes).
    Removing stm32f10x_gpio.o(i.GPIO_WriteBit), (10 bytes).
    Removing stm32f10x_rcc.o(i.RCC_ADCCLKConfig), (24 bytes).
    Removing stm32f10x_rcc.o(i.RCC_AHBPeriphClockCmd), (32 bytes).
    Removing stm32f10x_rcc.o(i.RCC_APB1PeriphResetCmd), (32 bytes).
    Removing stm32f10x_rcc.o(i.RCC_APB2PeriphResetCmd), (32 bytes).
    Removing stm32f10x_rcc.o(i.RCC_AdjustHSICalibrationValue), (24 bytes).
    Removing stm32f10x_rcc.o(i.RCC_BackupResetCmd), (12 bytes).
    Removing stm32f10x_rcc.o(i.RCC_ClearFlag), (20 bytes).
    Removing stm32f10x_rcc.o(i.RCC_ClearITPendingBit), (12 bytes).
    Removing stm32f10x_rcc.o(i.RCC_ClockSecuritySystemCmd), (12 bytes).
    Removing stm32f10x_rcc.o(i.RCC_DeInit), (76 bytes).
    Removing stm32f10x_rcc.o(i.RCC_GetFlagStatus), (60 bytes).
    Removing stm32f10x_rcc.o(i.RCC_GetITStatus), (24 bytes).
    Removing stm32f10x_rcc.o(i.RCC_GetSYSCLKSource), (16 bytes).
    Removing stm32f10x_rcc.o(i.RCC_HCLKConfig), (24 bytes).
    Removing stm32f10x_rcc.o(i.RCC_HSEConfig), (76 bytes).
    Removing stm32f10x_rcc.o(i.RCC_HSICmd), (12 bytes).
    Removing stm32f10x_rcc.o(i.RCC_ITConfig), (32 bytes).
    Removing stm32f10x_rcc.o(i.RCC_LSEConfig), (52 bytes).
    Removing stm32f10x_rcc.o(i.RCC_LSICmd), (12 bytes).
    Removing stm32f10x_rcc.o(i.RCC_MCOConfig), (12 bytes).
    Removing stm32f10x_rcc.o(i.RCC_PCLK1Config), (24 bytes).
    Removing stm32f10x_rcc.o(i.RCC_PCLK2Config), (24 bytes).
    Removing stm32f10x_rcc.o(i.RCC_PLLCmd), (12 bytes).
    Removing stm32f10x_rcc.o(i.RCC_PLLConfig), (28 bytes).
    Removing stm32f10x_rcc.o(i.RCC_RTCCLKCmd), (12 bytes).
    Removing stm32f10x_rcc.o(i.RCC_RTCCLKConfig), (16 bytes).
    Removing stm32f10x_rcc.o(i.RCC_SYSCLKConfig), (24 bytes).
    Removing stm32f10x_rcc.o(i.RCC_USBCLKConfig), (12 bytes).
    Removing stm32f10x_rcc.o(i.RCC_WaitForHSEStartUp), (56 bytes).
    Removing misc.o(i.NVIC_SetVectorTable), (20 bytes).
    Removing misc.o(i.NVIC_SystemLPConfig), (32 bytes).
    Removing stm32f10x_exti.o(i.EXTI_ClearFlag), (12 bytes).
    Removing stm32f10x_exti.o(i.EXTI_ClearITPendingBit), (12 bytes).
    Removing stm32f10x_exti.o(i.EXTI_DeInit), (36 bytes).
    Removing stm32f10x_exti.o(i.EXTI_GenerateSWInterrupt), (16 bytes).
    Removing stm32f10x_exti.o(i.EXTI_GetFlagStatus), (24 bytes).
    Removing stm32f10x_exti.o(i.EXTI_GetITStatus), (40 bytes).
    Removing stm32f10x_exti.o(i.EXTI_Init), (148 bytes).
    Removing stm32f10x_exti.o(i.EXTI_StructInit), (16 bytes).
    Removing stm32f10x_tim.o(i.TI1_Config), (128 bytes).
    Removing stm32f10x_tim.o(i.TI2_Config), (152 bytes).
    Removing stm32f10x_tim.o(i.TI3_Config), (144 bytes).
    Removing stm32f10x_tim.o(i.TI4_Config), (152 bytes).
    Removing stm32f10x_tim.o(i.TIM_ARRPreloadConfig), (24 bytes).
    Removing stm32f10x_tim.o(i.TIM_BDTRConfig), (32 bytes).
    Removing stm32f10x_tim.o(i.TIM_BDTRStructInit), (18 bytes).
    Removing stm32f10x_tim.o(i.TIM_CCPreloadControl), (24 bytes).
    Removing stm32f10x_tim.o(i.TIM_CCxCmd), (30 bytes).
    Removing stm32f10x_tim.o(i.TIM_CCxNCmd), (30 bytes).
    Removing stm32f10x_tim.o(i.TIM_ClearFlag), (6 bytes).
    Removing stm32f10x_tim.o(i.TIM_ClearOC1Ref), (18 bytes).
    Removing stm32f10x_tim.o(i.TIM_ClearOC2Ref), (24 bytes).
    Removing stm32f10x_tim.o(i.TIM_ClearOC3Ref), (18 bytes).
    Removing stm32f10x_tim.o(i.TIM_ClearOC4Ref), (24 bytes).
    Removing stm32f10x_tim.o(i.TIM_Cmd), (24 bytes).
    Removing stm32f10x_tim.o(i.TIM_CounterModeConfig), (18 bytes).
    Removing stm32f10x_tim.o(i.TIM_CtrlPWMOutputs), (30 bytes).
    Removing stm32f10x_tim.o(i.TIM_DMACmd), (18 bytes).
    Removing stm32f10x_tim.o(i.TIM_DMAConfig), (10 bytes).
    Removing stm32f10x_tim.o(i.TIM_DeInit), (488 bytes).
    Removing stm32f10x_tim.o(i.TIM_ETRClockMode1Config), (54 bytes).
    Removing stm32f10x_tim.o(i.TIM_ETRClockMode2Config), (32 bytes).
    Removing stm32f10x_tim.o(i.TIM_ETRConfig), (28 bytes).
    Removing stm32f10x_tim.o(i.TIM_EncoderInterfaceConfig), (66 bytes).
    Removing stm32f10x_tim.o(i.TIM_ForcedOC1Config), (18 bytes).
    Removing stm32f10x_tim.o(i.TIM_ForcedOC2Config), (26 bytes).
    Removing stm32f10x_tim.o(i.TIM_ForcedOC3Config), (18 bytes).
    Removing stm32f10x_tim.o(i.TIM_ForcedOC4Config), (26 bytes).
    Removing stm32f10x_tim.o(i.TIM_GenerateEvent), (4 bytes).
    Removing stm32f10x_tim.o(i.TIM_GetCapture1), (6 bytes).
    Removing stm32f10x_tim.o(i.TIM_GetCapture2), (6 bytes).
    Removing stm32f10x_tim.o(i.TIM_GetCapture3), (6 bytes).
    Removing stm32f10x_tim.o(i.TIM_GetCapture4), (8 bytes).
    Removing stm32f10x_tim.o(i.TIM_GetCounter), (6 bytes).
    Removing stm32f10x_tim.o(i.TIM_GetFlagStatus), (18 bytes).
    Removing stm32f10x_tim.o(i.TIM_GetPrescaler), (6 bytes).
    Removing stm32f10x_tim.o(i.TIM_ICInit), (172 bytes).
    Removing stm32f10x_tim.o(i.TIM_ICStructInit), (18 bytes).
    Removing stm32f10x_tim.o(i.TIM_ITConfig), (18 bytes).
    Removing stm32f10x_tim.o(i.TIM_ITRxExternalClockConfig), (24 bytes).
    Removing stm32f10x_tim.o(i.TIM_InternalClockConfig), (12 bytes).
    Removing stm32f10x_tim.o(i.TIM_OC1FastConfig), (18 bytes).
    Removing stm32f10x_tim.o(i.TIM_OC1Init), (152 bytes).
    Removing stm32f10x_tim.o(i.TIM_OC1NPolarityConfig), (18 bytes).
    Removing stm32f10x_tim.o(i.TIM_OC1PolarityConfig), (18 bytes).
    Removing stm32f10x_tim.o(i.TIM_OC1PreloadConfig), (18 bytes).
    Removing stm32f10x_tim.o(i.TIM_OC2FastConfig), (26 bytes).
    Removing stm32f10x_tim.o(i.TIM_OC2Init), (164 bytes).
    Removing stm32f10x_tim.o(i.TIM_OC2NPolarityConfig), (26 bytes).
    Removing stm32f10x_tim.o(i.TIM_OC2PolarityConfig), (26 bytes).
    Removing stm32f10x_tim.o(i.TIM_OC2PreloadConfig), (26 bytes).
    Removing stm32f10x_tim.o(i.TIM_OC3FastConfig), (18 bytes).
    Removing stm32f10x_tim.o(i.TIM_OC3Init), (160 bytes).
    Removing stm32f10x_tim.o(i.TIM_OC3NPolarityConfig), (26 bytes).
    Removing stm32f10x_tim.o(i.TIM_OC3PolarityConfig), (26 bytes).
    Removing stm32f10x_tim.o(i.TIM_OC3PreloadConfig), (18 bytes).
    Removing stm32f10x_tim.o(i.TIM_OC4FastConfig), (26 bytes).
    Removing stm32f10x_tim.o(i.TIM_OC4Init), (124 bytes).
    Removing stm32f10x_tim.o(i.TIM_OC4PolarityConfig), (26 bytes).
    Removing stm32f10x_tim.o(i.TIM_OC4PreloadConfig), (26 bytes).
    Removing stm32f10x_tim.o(i.TIM_OCStructInit), (20 bytes).
    Removing stm32f10x_tim.o(i.TIM_PWMIConfig), (124 bytes).
    Removing stm32f10x_tim.o(i.TIM_PrescalerConfig), (6 bytes).
    Removing stm32f10x_tim.o(i.TIM_SelectCCDMA), (24 bytes).
    Removing stm32f10x_tim.o(i.TIM_SelectCOM), (24 bytes).
    Removing stm32f10x_tim.o(i.TIM_SelectHallSensor), (24 bytes).
    Removing stm32f10x_tim.o(i.TIM_SelectInputTrigger), (18 bytes).
    Removing stm32f10x_tim.o(i.TIM_SelectMasterSlaveMode), (18 bytes).
    Removing stm32f10x_tim.o(i.TIM_SelectOCxM), (82 bytes).
    Removing stm32f10x_tim.o(i.TIM_SelectOnePulseMode), (18 bytes).
    Removing stm32f10x_tim.o(i.TIM_SelectOutputTrigger), (18 bytes).
    Removing stm32f10x_tim.o(i.TIM_SelectSlaveMode), (18 bytes).
    Removing stm32f10x_tim.o(i.TIM_SetAutoreload), (4 bytes).
    Removing stm32f10x_tim.o(i.TIM_SetClockDivision), (18 bytes).
    Removing stm32f10x_tim.o(i.TIM_SetCompare1), (4 bytes).
    Removing stm32f10x_tim.o(i.TIM_SetCompare2), (4 bytes).
    Removing stm32f10x_tim.o(i.TIM_SetCompare3), (4 bytes).
    Removing stm32f10x_tim.o(i.TIM_SetCompare4), (6 bytes).
    Removing stm32f10x_tim.o(i.TIM_SetCounter), (4 bytes).
    Removing stm32f10x_tim.o(i.TIM_SetIC1Prescaler), (18 bytes).
    Removing stm32f10x_tim.o(i.TIM_SetIC2Prescaler), (26 bytes).
    Removing stm32f10x_tim.o(i.TIM_SetIC3Prescaler), (18 bytes).
    Removing stm32f10x_tim.o(i.TIM_SetIC4Prescaler), (26 bytes).
    Removing stm32f10x_tim.o(i.TIM_TIxExternalClockConfig), (62 bytes).
    Removing stm32f10x_tim.o(i.TIM_TimeBaseInit), (164 bytes).
    Removing stm32f10x_tim.o(i.TIM_TimeBaseStructInit), (18 bytes).
    Removing stm32f10x_tim.o(i.TIM_UpdateDisableConfig), (24 bytes).
    Removing stm32f10x_tim.o(i.TIM_UpdateRequestConfig), (24 bytes).
    Removing stm32f10x_usart.o(i.USART_ClearITPendingBit), (30 bytes).
    Removing stm32f10x_usart.o(i.USART_ClockInit), (34 bytes).
    Removing stm32f10x_usart.o(i.USART_ClockStructInit), (12 bytes).
    Removing stm32f10x_usart.o(i.USART_DMACmd), (18 bytes).
    Removing stm32f10x_usart.o(i.USART_DeInit), (156 bytes).
    Removing stm32f10x_usart.o(i.USART_GetFlagStatus), (26 bytes).
    Removing stm32f10x_usart.o(i.USART_HalfDuplexCmd), (24 bytes).
    Removing stm32f10x_usart.o(i.USART_IrDACmd), (24 bytes).
    Removing stm32f10x_usart.o(i.USART_IrDAConfig), (18 bytes).
    Removing stm32f10x_usart.o(i.USART_LINBreakDetectLengthConfig), (18 bytes).
    Removing stm32f10x_usart.o(i.USART_LINCmd), (24 bytes).
    Removing stm32f10x_usart.o(i.USART_OneBitMethodCmd), (24 bytes).
    Removing stm32f10x_usart.o(i.USART_OverSampling8Cmd), (22 bytes).
    Removing stm32f10x_usart.o(i.USART_ReceiverWakeUpCmd), (24 bytes).
    Removing stm32f10x_usart.o(i.USART_SendBreak), (10 bytes).
    Removing stm32f10x_usart.o(i.USART_SetAddress), (18 bytes).
    Removing stm32f10x_usart.o(i.USART_SetGuardTime), (16 bytes).
    Removing stm32f10x_usart.o(i.USART_SetPrescaler), (16 bytes).
    Removing stm32f10x_usart.o(i.USART_SmartCardCmd), (24 bytes).
    Removing stm32f10x_usart.o(i.USART_SmartCardNACKCmd), (24 bytes).
    Removing stm32f10x_usart.o(i.USART_StructInit), (24 bytes).
    Removing stm32f10x_usart.o(i.USART_WakeUpConfig), (18 bytes).
    Removing stm32f10x_iwdg.o(i.IWDG_Enable), (16 bytes).
    Removing stm32f10x_iwdg.o(i.IWDG_GetFlagStatus), (24 bytes).
    Removing stm32f10x_iwdg.o(i.IWDG_ReloadCounter), (16 bytes).
    Removing stm32f10x_iwdg.o(i.IWDG_SetPrescaler), (12 bytes).
    Removing stm32f10x_iwdg.o(i.IWDG_SetReload), (12 bytes).
    Removing stm32f10x_iwdg.o(i.IWDG_WriteAccessCmd), (12 bytes).
    Removing stm32f10x_wwdg.o(i.WWDG_ClearFlag), (12 bytes).
    Removing stm32f10x_wwdg.o(i.WWDG_DeInit), (22 bytes).
    Removing stm32f10x_wwdg.o(i.WWDG_Enable), (16 bytes).
    Removing stm32f10x_wwdg.o(i.WWDG_EnableIT), (12 bytes).
    Removing stm32f10x_wwdg.o(i.WWDG_GetFlagStatus), (12 bytes).
    Removing stm32f10x_wwdg.o(i.WWDG_SetCounter), (16 bytes).
    Removing stm32f10x_wwdg.o(i.WWDG_SetPrescaler), (24 bytes).
    Removing stm32f10x_wwdg.o(i.WWDG_SetWindowValue), (40 bytes).
    Removing stm32f10x_bkp.o(i.BKP_ClearFlag), (20 bytes).
    Removing stm32f10x_bkp.o(i.BKP_ClearITPendingBit), (20 bytes).
    Removing stm32f10x_bkp.o(i.BKP_DeInit), (16 bytes).
    Removing stm32f10x_bkp.o(i.BKP_GetFlagStatus), (12 bytes).
    Removing stm32f10x_bkp.o(i.BKP_GetITStatus), (12 bytes).
    Removing stm32f10x_bkp.o(i.BKP_ITConfig), (12 bytes).
    Removing stm32f10x_bkp.o(i.BKP_RTCOutputConfig), (28 bytes).
    Removing stm32f10x_bkp.o(i.BKP_ReadBackupRegister), (28 bytes).
    Removing stm32f10x_bkp.o(i.BKP_SetRTCCalibrationValue), (28 bytes).
    Removing stm32f10x_bkp.o(i.BKP_TamperPinCmd), (12 bytes).
    Removing stm32f10x_bkp.o(i.BKP_TamperPinLevelConfig), (12 bytes).
    Removing stm32f10x_bkp.o(i.BKP_WriteBackupRegister), (28 bytes).
    Removing stm32f10x_pwr.o(i.PWR_BackupAccessCmd), (12 bytes).
    Removing stm32f10x_pwr.o(i.PWR_ClearFlag), (20 bytes).
    Removing stm32f10x_pwr.o(i.PWR_DeInit), (22 bytes).
    Removing stm32f10x_pwr.o(i.PWR_EnterSTANDBYMode), (52 bytes).
    Removing stm32f10x_pwr.o(i.PWR_EnterSTOPMode), (64 bytes).
    Removing stm32f10x_pwr.o(i.PWR_GetFlagStatus), (24 bytes).
    Removing stm32f10x_pwr.o(i.PWR_PVDCmd), (12 bytes).
    Removing stm32f10x_pwr.o(i.PWR_PVDLevelConfig), (24 bytes).
    Removing stm32f10x_pwr.o(i.PWR_WakeUpPinCmd), (12 bytes).
    Removing stm32f10x_adc.o(i.ADC_AnalogWatchdogCmd), (20 bytes).
    Removing stm32f10x_adc.o(i.ADC_AnalogWatchdogSingleChannelConfig), (16 bytes).
    Removing stm32f10x_adc.o(i.ADC_AnalogWatchdogThresholdsConfig), (6 bytes).
    Removing stm32f10x_adc.o(i.ADC_AutoInjectedConvCmd), (22 bytes).
    Removing stm32f10x_adc.o(i.ADC_ClearFlag), (6 bytes).
    Removing stm32f10x_adc.o(i.ADC_ClearITPendingBit), (10 bytes).
    Removing stm32f10x_adc.o(i.ADC_Cmd), (22 bytes).
    Removing stm32f10x_adc.o(i.ADC_DMACmd), (22 bytes).
    Removing stm32f10x_adc.o(i.ADC_DeInit), (92 bytes).
    Removing stm32f10x_adc.o(i.ADC_DiscModeChannelCountConfig), (24 bytes).
    Removing stm32f10x_adc.o(i.ADC_DiscModeCmd), (22 bytes).
    Removing stm32f10x_adc.o(i.ADC_ExternalTrigConvCmd), (22 bytes).
    Removing stm32f10x_adc.o(i.ADC_ExternalTrigInjectedConvCmd), (22 bytes).
    Removing stm32f10x_adc.o(i.ADC_ExternalTrigInjectedConvConfig), (16 bytes).
    Removing stm32f10x_adc.o(i.ADC_GetCalibrationStatus), (20 bytes).
    Removing stm32f10x_adc.o(i.ADC_GetConversionValue), (8 bytes).
    Removing stm32f10x_adc.o(i.ADC_GetDualModeConversionValue), (12 bytes).
    Removing stm32f10x_adc.o(i.ADC_GetFlagStatus), (18 bytes).
    Removing stm32f10x_adc.o(i.ADC_GetITStatus), (36 bytes).
    Removing stm32f10x_adc.o(i.ADC_GetInjectedConversionValue), (28 bytes).
    Removing stm32f10x_adc.o(i.ADC_GetResetCalibrationStatus), (20 bytes).
    Removing stm32f10x_adc.o(i.ADC_GetSoftwareStartConvStatus), (20 bytes).
    Removing stm32f10x_adc.o(i.ADC_GetSoftwareStartInjectedConvCmdStatus), (20 bytes).
    Removing stm32f10x_adc.o(i.ADC_ITConfig), (24 bytes).
    Removing stm32f10x_adc.o(i.ADC_Init), (80 bytes).
    Removing stm32f10x_adc.o(i.ADC_InjectedChannelConfig), (130 bytes).
    Removing stm32f10x_adc.o(i.ADC_InjectedDiscModeCmd), (22 bytes).
    Removing stm32f10x_adc.o(i.ADC_InjectedSequencerLengthConfig), (24 bytes).
    Removing stm32f10x_adc.o(i.ADC_RegularChannelConfig), (184 bytes).
    Removing stm32f10x_adc.o(i.ADC_ResetCalibration), (10 bytes).
    Removing stm32f10x_adc.o(i.ADC_SetInjectedOffset), (20 bytes).
    Removing stm32f10x_adc.o(i.ADC_SoftwareStartConvCmd), (22 bytes).
    Removing stm32f10x_adc.o(i.ADC_SoftwareStartInjectedConvCmd), (22 bytes).
    Removing stm32f10x_adc.o(i.ADC_StartCalibration), (10 bytes).
    Removing stm32f10x_adc.o(i.ADC_StructInit), (18 bytes).
    Removing stm32f10x_adc.o(i.ADC_TempSensorVrefintCmd), (36 bytes).
    Removing stm32f10x_dac.o(i.DAC_Cmd), (40 bytes).
    Removing stm32f10x_dac.o(i.DAC_DMACmd), (44 bytes).
    Removing stm32f10x_dac.o(i.DAC_DeInit), (22 bytes).
    Removing stm32f10x_dac.o(i.DAC_DualSoftwareTriggerCmd), (36 bytes).
    Removing stm32f10x_dac.o(i.DAC_GetDataOutputValue), (36 bytes).
    Removing stm32f10x_dac.o(i.DAC_Init), (52 bytes).
    Removing stm32f10x_dac.o(i.DAC_SetChannel1Data), (32 bytes).
    Removing stm32f10x_dac.o(i.DAC_SetChannel2Data), (32 bytes).
    Removing stm32f10x_dac.o(i.DAC_SetDualChannelData), (36 bytes).
    Removing stm32f10x_dac.o(i.DAC_SoftwareTriggerCmd), (44 bytes).
    Removing stm32f10x_dac.o(i.DAC_StructInit), (12 bytes).
    Removing stm32f10x_dac.o(i.DAC_WaveGenerationCmd), (40 bytes).
    Removing stm32f10x_dma.o(i.DMA_ClearFlag), (28 bytes).
    Removing stm32f10x_dma.o(i.DMA_ClearITPendingBit), (28 bytes).
    Removing stm32f10x_dma.o(i.DMA_Cmd), (24 bytes).
    Removing stm32f10x_dma.o(i.DMA_DeInit), (332 bytes).
    Removing stm32f10x_dma.o(i.DMA_GetCurrDataCounter), (8 bytes).
    Removing stm32f10x_dma.o(i.DMA_GetFlagStatus), (44 bytes).
    Removing stm32f10x_dma.o(i.DMA_GetITStatus), (44 bytes).
    Removing stm32f10x_dma.o(i.DMA_ITConfig), (18 bytes).
    Removing stm32f10x_dma.o(i.DMA_Init), (60 bytes).
    Removing stm32f10x_dma.o(i.DMA_SetCurrDataCounter), (4 bytes).
    Removing stm32f10x_dma.o(i.DMA_StructInit), (26 bytes).
    Removing stm32f10x_rtc.o(i.RTC_ClearFlag), (16 bytes).
    Removing stm32f10x_rtc.o(i.RTC_ClearITPendingBit), (16 bytes).
    Removing stm32f10x_rtc.o(i.RTC_EnterConfigMode), (20 bytes).
    Removing stm32f10x_rtc.o(i.RTC_ExitConfigMode), (20 bytes).
    Removing stm32f10x_rtc.o(i.RTC_GetCounter), (20 bytes).
    Removing stm32f10x_rtc.o(i.RTC_GetDivider), (24 bytes).
    Removing stm32f10x_rtc.o(i.RTC_GetFlagStatus), (24 bytes).
    Removing stm32f10x_rtc.o(i.RTC_GetITStatus), (36 bytes).
    Removing stm32f10x_rtc.o(i.RTC_ITConfig), (32 bytes).
    Removing stm32f10x_rtc.o(i.RTC_SetAlarm), (28 bytes).
    Removing stm32f10x_rtc.o(i.RTC_SetCounter), (28 bytes).
    Removing stm32f10x_rtc.o(i.RTC_SetPrescaler), (32 bytes).
    Removing stm32f10x_rtc.o(i.RTC_WaitForLastTask), (20 bytes).
    Removing stm32f10x_rtc.o(i.RTC_WaitForSynchro), (36 bytes).
    Removing system_stm32f10x.o(i.SystemCoreClockUpdate), (164 bytes).
    Removing system_stm32f10x.o(.data), (20 bytes).
    Removing core_cm3.o(.emb_text), (32 bytes).
    Removing systick.o(i.delay_us), (76 bytes).
    Removing sys.o(.emb_text), (6 bytes).
    Removing sys.o(i.INTX_DISABLE), (4 bytes).
    Removing sys.o(i.INTX_ENABLE), (4 bytes).
    Removing sys.o(i.WFI_SET), (4 bytes).
    Removing uart5.o(i.u4_senddata), (60 bytes).
    Removing timer.o(i.TIM2_Int_Init), (92 bytes).
    Removing timer.o(i.TIM3_Int_Init), (96 bytes).
    Removing timer.o(i.command_define), (40 bytes).
    Removing timer.o(.data), (8 bytes).

287 unused section(s) (total 10426 bytes) removed from the image.

==============================================================================

Image Symbol Table

    Local Symbols

    Symbol Name                              Value     Ov Type        Size  Object(Section)

    ../clib/../cmprslib/zerorunl2.c          0x00000000   Number         0  __dczerorl2.o ABSOLUTE
    ../clib/microlib/init/entry.s            0x00000000   Number         0  entry7b.o ABSOLUTE
    ../clib/microlib/init/entry.s            0x00000000   Number         0  entry8a.o ABSOLUTE
    ../clib/microlib/init/entry.s            0x00000000   Number         0  entry8b.o ABSOLUTE
    ../clib/microlib/init/entry.s            0x00000000   Number         0  entry.o ABSOLUTE
    ../clib/microlib/init/entry.s            0x00000000   Number         0  entry11b.o ABSOLUTE
    ../clib/microlib/init/entry.s            0x00000000   Number         0  entry2.o ABSOLUTE
    ../clib/microlib/init/entry.s            0x00000000   Number         0  entry9a.o ABSOLUTE
    ../clib/microlib/init/entry.s            0x00000000   Number         0  entry5.o ABSOLUTE
    ../clib/microlib/init/entry.s            0x00000000   Number         0  entry11a.o ABSOLUTE
    ../clib/microlib/init/entry.s            0x00000000   Number         0  entry10b.o ABSOLUTE
    ../clib/microlib/init/entry.s            0x00000000   Number         0  entry7a.o ABSOLUTE
    ../clib/microlib/init/entry.s            0x00000000   Number         0  entry10a.o ABSOLUTE
    ../clib/microlib/init/entry.s            0x00000000   Number         0  entry9b.o ABSOLUTE
    Libraries\CMSIS\core_cm3.c               0x00000000   Number         0  core_cm3.o ABSOLUTE
    Libraries\CMSIS\startup_stm32f10x_hd.s   0x00000000   Number         0  startup_stm32f10x_hd.o ABSOLUTE
    Libraries\CMSIS\system_stm32f10x.c       0x00000000   Number         0  system_stm32f10x.o ABSOLUTE
    Libraries\STM32F10x_StdPeriph_Driver\src\misc.c 0x00000000   Number         0  misc.o ABSOLUTE
    Libraries\STM32F10x_StdPeriph_Driver\src\stm32f10x_adc.c 0x00000000   Number         0  stm32f10x_adc.o ABSOLUTE
    Libraries\STM32F10x_StdPeriph_Driver\src\stm32f10x_bkp.c 0x00000000   Number         0  stm32f10x_bkp.o ABSOLUTE
    Libraries\STM32F10x_StdPeriph_Driver\src\stm32f10x_dac.c 0x00000000   Number         0  stm32f10x_dac.o ABSOLUTE
    Libraries\STM32F10x_StdPeriph_Driver\src\stm32f10x_dma.c 0x00000000   Number         0  stm32f10x_dma.o ABSOLUTE
    Libraries\STM32F10x_StdPeriph_Driver\src\stm32f10x_exti.c 0x00000000   Number         0  stm32f10x_exti.o ABSOLUTE
    Libraries\STM32F10x_StdPeriph_Driver\src\stm32f10x_gpio.c 0x00000000   Number         0  stm32f10x_gpio.o ABSOLUTE
    Libraries\STM32F10x_StdPeriph_Driver\src\stm32f10x_iwdg.c 0x00000000   Number         0  stm32f10x_iwdg.o ABSOLUTE
    Libraries\STM32F10x_StdPeriph_Driver\src\stm32f10x_pwr.c 0x00000000   Number         0  stm32f10x_pwr.o ABSOLUTE
    Libraries\STM32F10x_StdPeriph_Driver\src\stm32f10x_rcc.c 0x00000000   Number         0  stm32f10x_rcc.o ABSOLUTE
    Libraries\STM32F10x_StdPeriph_Driver\src\stm32f10x_rtc.c 0x00000000   Number         0  stm32f10x_rtc.o ABSOLUTE
    Libraries\STM32F10x_StdPeriph_Driver\src\stm32f10x_tim.c 0x00000000   Number         0  stm32f10x_tim.o ABSOLUTE
    Libraries\STM32F10x_StdPeriph_Driver\src\stm32f10x_usart.c 0x00000000   Number         0  stm32f10x_usart.o ABSOLUTE
    Libraries\STM32F10x_StdPeriph_Driver\src\stm32f10x_wwdg.c 0x00000000   Number         0  stm32f10x_wwdg.o ABSOLUTE
    Libraries\\CMSIS\\core_cm3.c             0x00000000   Number         0  core_cm3.o ABSOLUTE
    Public\SysTick.c                         0x00000000   Number         0  systick.o ABSOLUTE
    Public\\sys.c                            0x00000000   Number         0  sys.o ABSOLUTE
    Public\motor.c                           0x00000000   Number         0  motor.o ABSOLUTE
    Public\rs4851.c                          0x00000000   Number         0  rs4851.o ABSOLUTE
    Public\rs4852.c                          0x00000000   Number         0  rs4852.o ABSOLUTE
    Public\rs4853.c                          0x00000000   Number         0  rs4853.o ABSOLUTE
    Public\rs4854.c                          0x00000000   Number         0  rs4854.o ABSOLUTE
    Public\sys.c                             0x00000000   Number         0  sys.o ABSOLUTE
    Public\system.c                          0x00000000   Number         0  system.o ABSOLUTE
    Public\uart5.c                           0x00000000   Number         0  uart5.o ABSOLUTE
    User\main.c                              0x00000000   Number         0  main.o ABSOLUTE
    User\stm32f10x_it.c                      0x00000000   Number         0  stm32f10x_it.o ABSOLUTE
    dc.s                                     0x00000000   Number         0  dc.o ABSOLUTE
    handlers.s                               0x00000000   Number         0  handlers.o ABSOLUTE
    init.s                                   0x00000000   Number         0  init.o ABSOLUTE
    led.c                                    0x00000000   Number         0  led.o ABSOLUTE
    timer.c                                  0x00000000   Number         0  timer.o ABSOLUTE
    RESET                                    0x08000000   Section      304  startup_stm32f10x_hd.o(RESET)
    .ARM.Collect$$$$00000000                 0x08000130   Section        0  entry.o(.ARM.Collect$$$$00000000)
    .ARM.Collect$$$$00000001                 0x08000130   Section        4  entry2.o(.ARM.Collect$$$$00000001)
    .ARM.Collect$$$$00000004                 0x08000134   Section        4  entry5.o(.ARM.Collect$$$$00000004)
    .ARM.Collect$$$$00000008                 0x08000138   Section        0  entry7b.o(.ARM.Collect$$$$00000008)
    .ARM.Collect$$$$0000000A                 0x08000138   Section        0  entry8b.o(.ARM.Collect$$$$0000000A)
    .ARM.Collect$$$$0000000B                 0x08000138   Section        8  entry9a.o(.ARM.Collect$$$$0000000B)
    .ARM.Collect$$$$0000000D                 0x08000140   Section        0  entry10a.o(.ARM.Collect$$$$0000000D)
    .ARM.Collect$$$$0000000F                 0x08000140   Section        0  entry11a.o(.ARM.Collect$$$$0000000F)
    .ARM.Collect$$$$00002712                 0x08000140   Section        4  entry2.o(.ARM.Collect$$$$00002712)
    __lit__00000000                          0x08000140   Data           4  entry2.o(.ARM.Collect$$$$00002712)
    .text                                    0x08000144   Section       36  startup_stm32f10x_hd.o(.text)
    .text                                    0x08000168   Section       36  init.o(.text)
    .text                                    0x0800018c   Section        0  __dczerorl2.o(.text)
    i.BusFault_Handler                       0x080001e2   Section        0  stm32f10x_it.o(i.BusFault_Handler)
    i.CRC16_MODBUS                           0x080001e6   Section        0  motor.o(i.CRC16_MODBUS)
    i.DebugMon_Handler                       0x0800025e   Section        0  stm32f10x_it.o(i.DebugMon_Handler)
    i.GPIO_Init                              0x08000260   Section        0  stm32f10x_gpio.o(i.GPIO_Init)
    i.GPIO_ResetBits                         0x08000376   Section        0  stm32f10x_gpio.o(i.GPIO_ResetBits)
    i.GPIO_SetBits                           0x0800037a   Section        0  stm32f10x_gpio.o(i.GPIO_SetBits)
    i.HardFault_Handler                      0x0800037e   Section        0  stm32f10x_it.o(i.HardFault_Handler)
    i.Invert_Uint16                          0x08000382   Section        0  motor.o(i.Invert_Uint16)
    i.Invert_Uint8                           0x080003bc   Section        0  motor.o(i.Invert_Uint8)
    i.LED_Init                               0x080003f8   Section        0  led.o(i.LED_Init)
    i.MemManage_Handler                      0x08000430   Section        0  stm32f10x_it.o(i.MemManage_Handler)
    i.Motor_Azimuth_Init                     0x08000434   Section        0  motor.o(i.Motor_Azimuth_Init)
    i.Motor_Azimuth_Move                     0x0800052c   Section        0  motor.o(i.Motor_Azimuth_Move)
    i.Motor_CCD_Move                         0x0800062c   Section        0  motor.o(i.Motor_CCD_Move)
    i.Motor_Pitch_Init                       0x08000714   Section        0  motor.o(i.Motor_Pitch_Init)
    i.Motor_Pitch_Move                       0x08000828   Section        0  motor.o(i.Motor_Pitch_Move)
    i.NMI_Handler                            0x08000964   Section        0  stm32f10x_it.o(i.NMI_Handler)
    i.NVIC_Init                              0x08000968   Section        0  misc.o(i.NVIC_Init)
    i.NVIC_PriorityGroupConfig               0x080009d8   Section        0  misc.o(i.NVIC_PriorityGroupConfig)
    i.OUT1_Init                              0x080009ec   Section        0  main.o(i.OUT1_Init)
    i.PendSV_Handler                         0x08000a20   Section        0  stm32f10x_it.o(i.PendSV_Handler)
    i.RCC_APB1PeriphClockCmd                 0x08000a24   Section        0  stm32f10x_rcc.o(i.RCC_APB1PeriphClockCmd)
    i.RCC_APB2PeriphClockCmd                 0x08000a44   Section        0  stm32f10x_rcc.o(i.RCC_APB2PeriphClockCmd)
    i.RCC_GetClocksFreq                      0x08000a64   Section        0  stm32f10x_rcc.o(i.RCC_GetClocksFreq)
    i.RS4851_Init                            0x08000b38   Section        0  rs4851.o(i.RS4851_Init)
    i.RS4852_Init                            0x08000c14   Section        0  rs4852.o(i.RS4852_Init)
    i.RS4853_Init                            0x08000cec   Section        0  rs4853.o(i.RS4853_Init)
    i.RS4854_Init                            0x08000dc8   Section        0  rs4854.o(i.RS4854_Init)
    i.SVC_Handler                            0x08000ea8   Section        0  stm32f10x_it.o(i.SVC_Handler)
    i.SetSysClock                            0x08000eaa   Section        0  system_stm32f10x.o(i.SetSysClock)
    SetSysClock                              0x08000eab   Thumb Code     8  system_stm32f10x.o(i.SetSysClock)
    i.SetSysClockTo72                        0x08000eb4   Section        0  system_stm32f10x.o(i.SetSysClockTo72)
    SetSysClockTo72                          0x08000eb5   Thumb Code   214  system_stm32f10x.o(i.SetSysClockTo72)
    i.SysTick_CLKSourceConfig                0x08000f94   Section        0  misc.o(i.SysTick_CLKSourceConfig)
    i.SysTick_Handler                        0x08000fbc   Section        0  stm32f10x_it.o(i.SysTick_Handler)
    i.SysTick_Init                           0x08000fc0   Section        0  systick.o(i.SysTick_Init)
    i.SystemInit                             0x08000ffc   Section        0  system_stm32f10x.o(i.SystemInit)
    i.TIM2_IRQHandler                        0x0800105c   Section        0  timer.o(i.TIM2_IRQHandler)
    i.TIM_ClearITPendingBit                  0x08001072   Section        0  stm32f10x_tim.o(i.TIM_ClearITPendingBit)
    i.TIM_GetITStatus                        0x08001078   Section        0  stm32f10x_tim.o(i.TIM_GetITStatus)
    i.UART4_IRQHandler                       0x0800109c   Section        0  rs4854.o(i.UART4_IRQHandler)
    i.UART5_IRQHandler                       0x080011ac   Section        0  uart5.o(i.UART5_IRQHandler)
    i.USART1_IRQHandler                      0x08001520   Section        0  rs4851.o(i.USART1_IRQHandler)
    i.USART2_IRQHandler                      0x08001614   Section        0  rs4852.o(i.USART2_IRQHandler)
    i.USART3_IRQHandler                      0x08001630   Section        0  rs4853.o(i.USART3_IRQHandler)
    i.USART_ClearFlag                        0x08001724   Section        0  stm32f10x_usart.o(i.USART_ClearFlag)
    i.USART_Cmd                              0x08001736   Section        0  stm32f10x_usart.o(i.USART_Cmd)
    i.USART_GetITStatus                      0x0800174e   Section        0  stm32f10x_usart.o(i.USART_GetITStatus)
    i.USART_ITConfig                         0x080017a2   Section        0  stm32f10x_usart.o(i.USART_ITConfig)
    i.USART_Init                             0x080017ec   Section        0  stm32f10x_usart.o(i.USART_Init)
    i.USART_ReceiveData                      0x080018c4   Section        0  stm32f10x_usart.o(i.USART_ReceiveData)
    i.USART_SendData                         0x080018ce   Section        0  stm32f10x_usart.o(i.USART_SendData)
    i.UsageFault_Handler                     0x080018d6   Section        0  stm32f10x_it.o(i.UsageFault_Handler)
    i.__scatterload_copy                     0x080018da   Section       14  handlers.o(i.__scatterload_copy)
    i.__scatterload_null                     0x080018e8   Section        2  handlers.o(i.__scatterload_null)
    i.__scatterload_zeroinit                 0x080018ea   Section       14  handlers.o(i.__scatterload_zeroinit)
    i.delay_ms                               0x080018f8   Section        0  systick.o(i.delay_ms)
    i.main                                   0x08001944   Section        0  main.o(i.main)
    i.u11_senddata                           0x08001acc   Section        0  uart5.o(i.u11_senddata)
    i.u1_senddata                            0x08001b08   Section        0  uart5.o(i.u1_senddata)
    i.u2_senddata                            0x08001b44   Section        0  uart5.o(i.u2_senddata)
    i.u33_senddata                           0x08001b80   Section        0  uart5.o(i.u33_senddata)
    i.u3_senddata                            0x08001bbc   Section        0  uart5.o(i.u3_senddata)
    i.u5_senddata                            0x08001bf8   Section        0  uart5.o(i.u5_senddata)
    i.uart5_Init                             0x08001c20   Section        0  uart5.o(i.uart5_Init)
    .data                                    0x20000000   Section        1  main.o(.data)
    .data                                    0x20000001   Section       20  stm32f10x_rcc.o(.data)
    APBAHBPrescTable                         0x20000001   Data          16  stm32f10x_rcc.o(.data)
    ADCPrescTable                            0x20000011   Data           4  stm32f10x_rcc.o(.data)
    .data                                    0x20000016   Section        4  systick.o(.data)
    fac_us                                   0x20000016   Data           1  systick.o(.data)
    fac_ms                                   0x20000018   Data           2  systick.o(.data)
    .data                                    0x2000001c   Section       28  uart5.o(.data)
    .data                                    0x20000038   Section       12  rs4851.o(.data)
    .data                                    0x20000044   Section       12  rs4853.o(.data)
    .data                                    0x20000050   Section       36  rs4854.o(.data)
    .data                                    0x20000074   Section      240  motor.o(.data)
    .bss                                     0x20000164   Section       26  main.o(.bss)
    .bss                                     0x20000180   Section      136  uart5.o(.bss)
    .bss                                     0x20000208   Section      100  rs4851.o(.bss)
    .bss                                     0x2000026c   Section      100  rs4853.o(.bss)
    .bss                                     0x200002d0   Section      100  rs4854.o(.bss)
    STACK                                    0x20000338   Section     1024  startup_stm32f10x_hd.o(STACK)

    Global Symbols

    Symbol Name                              Value     Ov Type        Size  Object(Section)

    BuildAttributes$$THM_ISAv4$P$D$K$B$S$PE$A:L22UL41UL21$X:L11$S22US41US21$IEEE1$IW$USESV6$~STKCKD$USESV7$~SHL$OSPACE$EBA8$MICROLIB$REQ8$PRES8$EABIv2 0x00000000   Number         0  anon$$obj.o ABSOLUTE
    __ARM_use_no_argv                        0x00000000   Number         0  main.o ABSOLUTE
    __cpp_initialize__aeabi_                  - Undefined Weak Reference
    __cxa_finalize                            - Undefined Weak Reference
    _clock_init                               - Undefined Weak Reference
    _microlib_exit                            - Undefined Weak Reference
    __Vectors_Size                           0x00000130   Number         0  startup_stm32f10x_hd.o ABSOLUTE
    __Vectors                                0x08000000   Data           4  startup_stm32f10x_hd.o(RESET)
    __Vectors_End                            0x08000130   Data           0  startup_stm32f10x_hd.o(RESET)
    __main                                   0x08000131   Thumb Code     0  entry.o(.ARM.Collect$$$$00000000)
    _main_stk                                0x08000131   Thumb Code     0  entry2.o(.ARM.Collect$$$$00000001)
    _main_scatterload                        0x08000135   Thumb Code     0  entry5.o(.ARM.Collect$$$$00000004)
    __main_after_scatterload                 0x08000139   Thumb Code     0  entry5.o(.ARM.Collect$$$$00000004)
    _main_clock                              0x08000139   Thumb Code     0  entry7b.o(.ARM.Collect$$$$00000008)
    _main_cpp_init                           0x08000139   Thumb Code     0  entry8b.o(.ARM.Collect$$$$0000000A)
    _main_init                               0x08000139   Thumb Code     0  entry9a.o(.ARM.Collect$$$$0000000B)
    __rt_final_cpp                           0x08000141   Thumb Code     0  entry10a.o(.ARM.Collect$$$$0000000D)
    __rt_final_exit                          0x08000141   Thumb Code     0  entry11a.o(.ARM.Collect$$$$0000000F)
    Reset_Handler                            0x08000145   Thumb Code     8  startup_stm32f10x_hd.o(.text)
    ADC1_2_IRQHandler                        0x0800015f   Thumb Code     0  startup_stm32f10x_hd.o(.text)
    ADC3_IRQHandler                          0x0800015f   Thumb Code     0  startup_stm32f10x_hd.o(.text)
    CAN1_RX1_IRQHandler                      0x0800015f   Thumb Code     0  startup_stm32f10x_hd.o(.text)
    CAN1_SCE_IRQHandler                      0x0800015f   Thumb Code     0  startup_stm32f10x_hd.o(.text)
    DMA1_Channel1_IRQHandler                 0x0800015f   Thumb Code     0  startup_stm32f10x_hd.o(.text)
    DMA1_Channel2_IRQHandler                 0x0800015f   Thumb Code     0  startup_stm32f10x_hd.o(.text)
    DMA1_Channel3_IRQHandler                 0x0800015f   Thumb Code     0  startup_stm32f10x_hd.o(.text)
    DMA1_Channel4_IRQHandler                 0x0800015f   Thumb Code     0  startup_stm32f10x_hd.o(.text)
    DMA1_Channel5_IRQHandler                 0x0800015f   Thumb Code     0  startup_stm32f10x_hd.o(.text)
    DMA1_Channel6_IRQHandler                 0x0800015f   Thumb Code     0  startup_stm32f10x_hd.o(.text)
    DMA1_Channel7_IRQHandler                 0x0800015f   Thumb Code     0  startup_stm32f10x_hd.o(.text)
    DMA2_Channel1_IRQHandler                 0x0800015f   Thumb Code     0  startup_stm32f10x_hd.o(.text)
    DMA2_Channel2_IRQHandler                 0x0800015f   Thumb Code     0  startup_stm32f10x_hd.o(.text)
    DMA2_Channel3_IRQHandler                 0x0800015f   Thumb Code     0  startup_stm32f10x_hd.o(.text)
    DMA2_Channel4_5_IRQHandler               0x0800015f   Thumb Code     0  startup_stm32f10x_hd.o(.text)
    EXTI0_IRQHandler                         0x0800015f   Thumb Code     0  startup_stm32f10x_hd.o(.text)
    EXTI15_10_IRQHandler                     0x0800015f   Thumb Code     0  startup_stm32f10x_hd.o(.text)
    EXTI1_IRQHandler                         0x0800015f   Thumb Code     0  startup_stm32f10x_hd.o(.text)
    EXTI2_IRQHandler                         0x0800015f   Thumb Code     0  startup_stm32f10x_hd.o(.text)
    EXTI3_IRQHandler                         0x0800015f   Thumb Code     0  startup_stm32f10x_hd.o(.text)
    EXTI4_IRQHandler                         0x0800015f   Thumb Code     0  startup_stm32f10x_hd.o(.text)
    EXTI9_5_IRQHandler                       0x0800015f   Thumb Code     0  startup_stm32f10x_hd.o(.text)
    FLASH_IRQHandler                         0x0800015f   Thumb Code     0  startup_stm32f10x_hd.o(.text)
    FSMC_IRQHandler                          0x0800015f   Thumb Code     0  startup_stm32f10x_hd.o(.text)
    I2C1_ER_IRQHandler                       0x0800015f   Thumb Code     0  startup_stm32f10x_hd.o(.text)
    I2C1_EV_IRQHandler                       0x0800015f   Thumb Code     0  startup_stm32f10x_hd.o(.text)
    I2C2_ER_IRQHandler                       0x0800015f   Thumb Code     0  startup_stm32f10x_hd.o(.text)
    I2C2_EV_IRQHandler                       0x0800015f   Thumb Code     0  startup_stm32f10x_hd.o(.text)
    PVD_IRQHandler                           0x0800015f   Thumb Code     0  startup_stm32f10x_hd.o(.text)
    RCC_IRQHandler                           0x0800015f   Thumb Code     0  startup_stm32f10x_hd.o(.text)
    RTCAlarm_IRQHandler                      0x0800015f   Thumb Code     0  startup_stm32f10x_hd.o(.text)
    RTC_IRQHandler                           0x0800015f   Thumb Code     0  startup_stm32f10x_hd.o(.text)
    SDIO_IRQHandler                          0x0800015f   Thumb Code     0  startup_stm32f10x_hd.o(.text)
    SPI1_IRQHandler                          0x0800015f   Thumb Code     0  startup_stm32f10x_hd.o(.text)
    SPI2_IRQHandler                          0x0800015f   Thumb Code     0  startup_stm32f10x_hd.o(.text)
    SPI3_IRQHandler                          0x0800015f   Thumb Code     0  startup_stm32f10x_hd.o(.text)
    TAMPER_IRQHandler                        0x0800015f   Thumb Code     0  startup_stm32f10x_hd.o(.text)
    TIM1_BRK_IRQHandler                      0x0800015f   Thumb Code     0  startup_stm32f10x_hd.o(.text)
    TIM1_CC_IRQHandler                       0x0800015f   Thumb Code     0  startup_stm32f10x_hd.o(.text)
    TIM1_TRG_COM_IRQHandler                  0x0800015f   Thumb Code     0  startup_stm32f10x_hd.o(.text)
    TIM1_UP_IRQHandler                       0x0800015f   Thumb Code     0  startup_stm32f10x_hd.o(.text)
    TIM3_IRQHandler                          0x0800015f   Thumb Code     0  startup_stm32f10x_hd.o(.text)
    TIM4_IRQHandler                          0x0800015f   Thumb Code     0  startup_stm32f10x_hd.o(.text)
    TIM5_IRQHandler                          0x0800015f   Thumb Code     0  startup_stm32f10x_hd.o(.text)
    TIM6_IRQHandler                          0x0800015f   Thumb Code     0  startup_stm32f10x_hd.o(.text)
    TIM7_IRQHandler                          0x0800015f   Thumb Code     0  startup_stm32f10x_hd.o(.text)
    TIM8_BRK_IRQHandler                      0x0800015f   Thumb Code     0  startup_stm32f10x_hd.o(.text)
    TIM8_CC_IRQHandler                       0x0800015f   Thumb Code     0  startup_stm32f10x_hd.o(.text)
    TIM8_TRG_COM_IRQHandler                  0x0800015f   Thumb Code     0  startup_stm32f10x_hd.o(.text)
    TIM8_UP_IRQHandler                       0x0800015f   Thumb Code     0  startup_stm32f10x_hd.o(.text)
    USBWakeUp_IRQHandler                     0x0800015f   Thumb Code     0  startup_stm32f10x_hd.o(.text)
    USB_HP_CAN1_TX_IRQHandler                0x0800015f   Thumb Code     0  startup_stm32f10x_hd.o(.text)
    USB_LP_CAN1_RX0_IRQHandler               0x0800015f   Thumb Code     0  startup_stm32f10x_hd.o(.text)
    WWDG_IRQHandler                          0x0800015f   Thumb Code     0  startup_stm32f10x_hd.o(.text)
    __scatterload                            0x08000169   Thumb Code    28  init.o(.text)
    __scatterload_rt2                        0x08000169   Thumb Code     0  init.o(.text)
    __decompress                             0x0800018d   Thumb Code     0  __dczerorl2.o(.text)
    __decompress1                            0x0800018d   Thumb Code    86  __dczerorl2.o(.text)
    BusFault_Handler                         0x080001e3   Thumb Code     4  stm32f10x_it.o(i.BusFault_Handler)
    CRC16_MODBUS                             0x080001e7   Thumb Code   120  motor.o(i.CRC16_MODBUS)
    DebugMon_Handler                         0x0800025f   Thumb Code     2  stm32f10x_it.o(i.DebugMon_Handler)
    GPIO_Init                                0x08000261   Thumb Code   278  stm32f10x_gpio.o(i.GPIO_Init)
    GPIO_ResetBits                           0x08000377   Thumb Code     4  stm32f10x_gpio.o(i.GPIO_ResetBits)
    GPIO_SetBits                             0x0800037b   Thumb Code     4  stm32f10x_gpio.o(i.GPIO_SetBits)
    HardFault_Handler                        0x0800037f   Thumb Code     4  stm32f10x_it.o(i.HardFault_Handler)
    Invert_Uint16                            0x08000383   Thumb Code    58  motor.o(i.Invert_Uint16)
    Invert_Uint8                             0x080003bd   Thumb Code    58  motor.o(i.Invert_Uint8)
    LED_Init                                 0x080003f9   Thumb Code    50  led.o(i.LED_Init)
    MemManage_Handler                        0x08000431   Thumb Code     4  stm32f10x_it.o(i.MemManage_Handler)
    Motor_Azimuth_Init                       0x08000435   Thumb Code   214  motor.o(i.Motor_Azimuth_Init)
    Motor_Azimuth_Move                       0x0800052d   Thumb Code   234  motor.o(i.Motor_Azimuth_Move)
    Motor_CCD_Move                           0x0800062d   Thumb Code   214  motor.o(i.Motor_CCD_Move)
    Motor_Pitch_Init                         0x08000715   Thumb Code   234  motor.o(i.Motor_Pitch_Init)
    Motor_Pitch_Move                         0x08000829   Thumb Code   292  motor.o(i.Motor_Pitch_Move)
    NMI_Handler                              0x08000965   Thumb Code     2  stm32f10x_it.o(i.NMI_Handler)
    NVIC_Init                                0x08000969   Thumb Code   100  misc.o(i.NVIC_Init)
    NVIC_PriorityGroupConfig                 0x080009d9   Thumb Code    10  misc.o(i.NVIC_PriorityGroupConfig)
    OUT1_Init                                0x080009ed   Thumb Code    46  main.o(i.OUT1_Init)
    PendSV_Handler                           0x08000a21   Thumb Code     2  stm32f10x_it.o(i.PendSV_Handler)
    RCC_APB1PeriphClockCmd                   0x08000a25   Thumb Code    26  stm32f10x_rcc.o(i.RCC_APB1PeriphClockCmd)
    RCC_APB2PeriphClockCmd                   0x08000a45   Thumb Code    26  stm32f10x_rcc.o(i.RCC_APB2PeriphClockCmd)
    RCC_GetClocksFreq                        0x08000a65   Thumb Code   192  stm32f10x_rcc.o(i.RCC_GetClocksFreq)
    RS4851_Init                              0x08000b39   Thumb Code   208  rs4851.o(i.RS4851_Init)
    RS4852_Init                              0x08000c15   Thumb Code   202  rs4852.o(i.RS4852_Init)
    RS4853_Init                              0x08000ced   Thumb Code   206  rs4853.o(i.RS4853_Init)
    RS4854_Init                              0x08000dc9   Thumb Code   208  rs4854.o(i.RS4854_Init)
    SVC_Handler                              0x08000ea9   Thumb Code     2  stm32f10x_it.o(i.SVC_Handler)
    SysTick_CLKSourceConfig                  0x08000f95   Thumb Code    40  misc.o(i.SysTick_CLKSourceConfig)
    SysTick_Handler                          0x08000fbd   Thumb Code     2  stm32f10x_it.o(i.SysTick_Handler)
    SysTick_Init                             0x08000fc1   Thumb Code    52  systick.o(i.SysTick_Init)
    SystemInit                               0x08000ffd   Thumb Code    78  system_stm32f10x.o(i.SystemInit)
    TIM2_IRQHandler                          0x0800105d   Thumb Code    22  timer.o(i.TIM2_IRQHandler)
    TIM_ClearITPendingBit                    0x08001073   Thumb Code     6  stm32f10x_tim.o(i.TIM_ClearITPendingBit)
    TIM_GetITStatus                          0x08001079   Thumb Code    34  stm32f10x_tim.o(i.TIM_GetITStatus)
    UART4_IRQHandler                         0x0800109d   Thumb Code   224  rs4854.o(i.UART4_IRQHandler)
    UART5_IRQHandler                         0x080011ad   Thumb Code   812  uart5.o(i.UART5_IRQHandler)
    USART1_IRQHandler                        0x08001521   Thumb Code   212  rs4851.o(i.USART1_IRQHandler)
    USART2_IRQHandler                        0x08001615   Thumb Code    22  rs4852.o(i.USART2_IRQHandler)
    USART3_IRQHandler                        0x08001631   Thumb Code   212  rs4853.o(i.USART3_IRQHandler)
    USART_ClearFlag                          0x08001725   Thumb Code    18  stm32f10x_usart.o(i.USART_ClearFlag)
    USART_Cmd                                0x08001737   Thumb Code    24  stm32f10x_usart.o(i.USART_Cmd)
    USART_GetITStatus                        0x0800174f   Thumb Code    84  stm32f10x_usart.o(i.USART_GetITStatus)
    USART_ITConfig                           0x080017a3   Thumb Code    74  stm32f10x_usart.o(i.USART_ITConfig)
    USART_Init                               0x080017ed   Thumb Code   210  stm32f10x_usart.o(i.USART_Init)
    USART_ReceiveData                        0x080018c5   Thumb Code    10  stm32f10x_usart.o(i.USART_ReceiveData)
    USART_SendData                           0x080018cf   Thumb Code     8  stm32f10x_usart.o(i.USART_SendData)
    UsageFault_Handler                       0x080018d7   Thumb Code     4  stm32f10x_it.o(i.UsageFault_Handler)
    __scatterload_copy                       0x080018db   Thumb Code    14  handlers.o(i.__scatterload_copy)
    __scatterload_null                       0x080018e9   Thumb Code     2  handlers.o(i.__scatterload_null)
    __scatterload_zeroinit                   0x080018eb   Thumb Code    14  handlers.o(i.__scatterload_zeroinit)
    delay_ms                                 0x080018f9   Thumb Code    72  systick.o(i.delay_ms)
    main                                     0x08001945   Thumb Code   334  main.o(i.main)
    u11_senddata                             0x08001acd   Thumb Code    50  uart5.o(i.u11_senddata)
    u1_senddata                              0x08001b09   Thumb Code    50  uart5.o(i.u1_senddata)
    u2_senddata                              0x08001b45   Thumb Code    50  uart5.o(i.u2_senddata)
    u33_senddata                             0x08001b81   Thumb Code    50  uart5.o(i.u33_senddata)
    u3_senddata                              0x08001bbd   Thumb Code    50  uart5.o(i.u3_senddata)
    u5_senddata                              0x08001bf9   Thumb Code    36  uart5.o(i.u5_senddata)
    uart5_Init                               0x08001c21   Thumb Code   154  uart5.o(i.uart5_Init)
    Region$$Table$$Base                      0x08001cc8   Number         0  anon$$obj.o(Region$$Table)
    Region$$Table$$Limit                     0x08001ce8   Number         0  anon$$obj.o(Region$$Table)
    pos                                      0x20000000   Data           1  main.o(.data)
    Com5_Flag_CMD                            0x2000001c   Data           1  uart5.o(.data)
    Com5_BufSize                             0x2000001d   Data           1  uart5.o(.data)
    init_flag                                0x20000020   Data           4  uart5.o(.data)
    actual_pos                               0x20000024   Data           4  uart5.o(.data)
    down_pos                                 0x20000028   Data           4  uart5.o(.data)
    up_pos                                   0x2000002c   Data           4  uart5.o(.data)
    max_diff                                 0x20000030   Data           4  uart5.o(.data)
    max_step                                 0x20000034   Data           4  uart5.o(.data)
    pos1_size                                0x20000038   Data           1  rs4851.o(.data)
    flag1                                    0x20000039   Data           1  rs4851.o(.data)
    BACK1                                    0x2000003c   Data           4  rs4851.o(.data)
    k1                                       0x20000040   Data           4  rs4851.o(.data)
    flag3                                    0x20000044   Data           1  rs4853.o(.data)
    pos3_size                                0x20000045   Data           1  rs4853.o(.data)
    BACK3                                    0x20000048   Data           4  rs4853.o(.data)
    k3                                       0x2000004c   Data           4  rs4853.o(.data)
    flag4                                    0x20000050   Data           4  rs4854.o(.data)
    size4                                    0x20000054   Data           4  rs4854.o(.data)
    k4                                       0x20000058   Data           4  rs4854.o(.data)
    a                                        0x2000005c   Data           4  rs4854.o(.data)
    a2                                       0x20000060   Data           4  rs4854.o(.data)
    a3                                       0x20000064   Data           4  rs4854.o(.data)
    a4                                       0x20000068   Data           4  rs4854.o(.data)
    res4                                     0x2000006c   Data           1  rs4854.o(.data)
    BACK2                                    0x20000070   Data           4  rs4854.o(.data)
    Motor_Azimuth_Control                    0x20000074   Data          17  motor.o(.data)
    Motor_Azimuth_ON                         0x20000085   Data           8  motor.o(.data)
    Motor_Azimuth_OFF                        0x2000008d   Data           8  motor.o(.data)
    Motor_Azimuth_ForwMove                   0x20000095   Data           8  motor.o(.data)
    Motor_Azimuth_BackMove                   0x2000009d   Data           8  motor.o(.data)
    Motor_Azimuth_READ                       0x200000a5   Data           8  motor.o(.data)
    Motor_init_forward                       0x200000ad   Data           8  motor.o(.data)
    Motor_init_back                          0x200000b5   Data           8  motor.o(.data)
    Motor_init_off                           0x200000bd   Data           8  motor.o(.data)
    Motor_middle                             0x200000c5   Data          17  motor.o(.data)
    Motor_init_startpoint                    0x200000d6   Data           8  motor.o(.data)
    Motor_POSITION_Control                   0x200000de   Data          13  motor.o(.data)
    Motor_SPEED_Control                      0x200000eb   Data          13  motor.o(.data)
    Motor_Pitch_ON                           0x200000f8   Data           8  motor.o(.data)
    Motor_Pitch_OFF                          0x20000100   Data           8  motor.o(.data)
    Motor_ACTIVE                             0x20000108   Data           8  motor.o(.data)
    Motor_CCD_Control                        0x20000110   Data          17  motor.o(.data)
    Motor_CCD_ON                             0x20000121   Data           8  motor.o(.data)
    Motor_CCD_OFF                            0x20000129   Data           9  motor.o(.data)
    Motor_CCD_ForwMove                       0x20000132   Data           9  motor.o(.data)
    Motor_CCD_BackMove                       0x2000013b   Data           8  motor.o(.data)
    Motor_CCD_READ                           0x20000143   Data           8  motor.o(.data)
    move1                                    0x2000014b   Data           1  motor.o(.data)
    start_pos                                0x2000014c   Data           4  motor.o(.data)
    set_pos                                  0x20000150   Data           4  motor.o(.data)
    diff_pos                                 0x20000154   Data           4  motor.o(.data)
    step                                     0x20000158   Data           4  motor.o(.data)
    x                                        0x2000015c   Data           4  motor.o(.data)
    x1                                       0x20000160   Data           4  motor.o(.data)
    POS_BACK                                 0x20000164   Data          26  main.o(.bss)
    Com5_CMD_BUF                             0x20000180   Data         100  uart5.o(.bss)
    given0                                   0x200001e4   Data          12  uart5.o(.bss)
    given1                                   0x200001f0   Data          12  uart5.o(.bss)
    given2                                   0x200001fc   Data          12  uart5.o(.bss)
    Res_pos1                                 0x20000208   Data         100  rs4851.o(.bss)
    Res_pos3                                 0x2000026c   Data         100  rs4853.o(.bss)
    pos_buff                                 0x200002d0   Data         100  rs4854.o(.bss)
    __initial_sp                             0x20000738   Data           0  startup_stm32f10x_hd.o(STACK)



==============================================================================

Memory Map of the image

  Image Entry point : 0x08000131

  Load Region LR_IROM1 (Base: 0x08000000, Size: 0x00001e4c, Max: 0x00040000, ABSOLUTE, COMPRESSED[0x00001d70])

    Execution Region ER_IROM1 (Base: 0x08000000, Size: 0x00001ce8, Max: 0x00040000, ABSOLUTE)

    Base Addr    Size         Type   Attr      Idx    E Section Name        Object

    0x08000000   0x00000130   Data   RO          243    RESET               startup_stm32f10x_hd.o
    0x08000130   0x00000000   Code   RO         2467  * .ARM.Collect$$$$00000000  mc_w.l(entry.o)
    0x08000130   0x00000004   Code   RO         2470    .ARM.Collect$$$$00000001  mc_w.l(entry2.o)
    0x08000134   0x00000004   Code   RO         2473    .ARM.Collect$$$$00000004  mc_w.l(entry5.o)
    0x08000138   0x00000000   Code   RO         2475    .ARM.Collect$$$$00000008  mc_w.l(entry7b.o)
    0x08000138   0x00000000   Code   RO         2477    .ARM.Collect$$$$0000000A  mc_w.l(entry8b.o)
    0x08000138   0x00000008   Code   RO         2478    .ARM.Collect$$$$0000000B  mc_w.l(entry9a.o)
    0x08000140   0x00000000   Code   RO         2480    .ARM.Collect$$$$0000000D  mc_w.l(entry10a.o)
    0x08000140   0x00000000   Code   RO         2482    .ARM.Collect$$$$0000000F  mc_w.l(entry11a.o)
    0x08000140   0x00000004   Code   RO         2471    .ARM.Collect$$$$00002712  mc_w.l(entry2.o)
    0x08000144   0x00000024   Code   RO          244    .text               startup_stm32f10x_hd.o
    0x08000168   0x00000024   Code   RO         2484    .text               mc_w.l(init.o)
    0x0800018c   0x00000056   Code   RO         2494    .text               mc_w.l(__dczerorl2.o)
    0x080001e2   0x00000004   Code   RO          156    i.BusFault_Handler  stm32f10x_it.o
    0x080001e6   0x00000078   Code   RO         2409    i.CRC16_MODBUS      motor.o
    0x0800025e   0x00000002   Code   RO          157    i.DebugMon_Handler  stm32f10x_it.o
    0x08000260   0x00000116   Code   RO          255    i.GPIO_Init         stm32f10x_gpio.o
    0x08000376   0x00000004   Code   RO          262    i.GPIO_ResetBits    stm32f10x_gpio.o
    0x0800037a   0x00000004   Code   RO          263    i.GPIO_SetBits      stm32f10x_gpio.o
    0x0800037e   0x00000004   Code   RO          158    i.HardFault_Handler  stm32f10x_it.o
    0x08000382   0x0000003a   Code   RO         2410    i.Invert_Uint16     motor.o
    0x080003bc   0x0000003a   Code   RO         2411    i.Invert_Uint8      motor.o
    0x080003f6   0x00000002   PAD
    0x080003f8   0x00000038   Code   RO         2361    i.LED_Init          led.o
    0x08000430   0x00000004   Code   RO          159    i.MemManage_Handler  stm32f10x_it.o
    0x08000434   0x000000f8   Code   RO         2412    i.Motor_Azimuth_Init  motor.o
    0x0800052c   0x00000100   Code   RO         2413    i.Motor_Azimuth_Move  motor.o
    0x0800062c   0x000000e8   Code   RO         2414    i.Motor_CCD_Move    motor.o
    0x08000714   0x00000114   Code   RO         2415    i.Motor_Pitch_Init  motor.o
    0x08000828   0x0000013c   Code   RO         2416    i.Motor_Pitch_Move  motor.o
    0x08000964   0x00000002   Code   RO          160    i.NMI_Handler       stm32f10x_it.o
    0x08000966   0x00000002   PAD
    0x08000968   0x00000070   Code   RO          563    i.NVIC_Init         misc.o
    0x080009d8   0x00000014   Code   RO          564    i.NVIC_PriorityGroupConfig  misc.o
    0x080009ec   0x00000034   Code   RO            1    i.OUT1_Init         main.o
    0x08000a20   0x00000002   Code   RO          161    i.PendSV_Handler    stm32f10x_it.o
    0x08000a22   0x00000002   PAD
    0x08000a24   0x00000020   Code   RO          365    i.RCC_APB1PeriphClockCmd  stm32f10x_rcc.o
    0x08000a44   0x00000020   Code   RO          367    i.RCC_APB2PeriphClockCmd  stm32f10x_rcc.o
    0x08000a64   0x000000d4   Code   RO          375    i.RCC_GetClocksFreq  stm32f10x_rcc.o
    0x08000b38   0x000000dc   Code   RO         2274    i.RS4851_Init       rs4851.o
    0x08000c14   0x000000d8   Code   RO         2297    i.RS4852_Init       rs4852.o
    0x08000cec   0x000000dc   Code   RO         2315    i.RS4853_Init       rs4853.o
    0x08000dc8   0x000000e0   Code   RO         2338    i.RS4854_Init       rs4854.o
    0x08000ea8   0x00000002   Code   RO          162    i.SVC_Handler       stm32f10x_it.o
    0x08000eaa   0x00000008   Code   RO         2077    i.SetSysClock       system_stm32f10x.o
    0x08000eb2   0x00000002   PAD
    0x08000eb4   0x000000e0   Code   RO         2078    i.SetSysClockTo72   system_stm32f10x.o
    0x08000f94   0x00000028   Code   RO          567    i.SysTick_CLKSourceConfig  misc.o
    0x08000fbc   0x00000002   Code   RO          163    i.SysTick_Handler   stm32f10x_it.o
    0x08000fbe   0x00000002   PAD
    0x08000fc0   0x0000003c   Code   RO         2130    i.SysTick_Init      systick.o
    0x08000ffc   0x00000060   Code   RO         2080    i.SystemInit        system_stm32f10x.o
    0x0800105c   0x00000016   Code   RO         2373    i.TIM2_IRQHandler   timer.o
    0x08001072   0x00000006   Code   RO          664    i.TIM_ClearITPendingBit  stm32f10x_tim.o
    0x08001078   0x00000022   Code   RO          690    i.TIM_GetITStatus   stm32f10x_tim.o
    0x0800109a   0x00000002   PAD
    0x0800109c   0x00000110   Code   RO         2339    i.UART4_IRQHandler  rs4854.o
    0x080011ac   0x00000374   Code   RO         2190    i.UART5_IRQHandler  uart5.o
    0x08001520   0x000000f4   Code   RO         2275    i.USART1_IRQHandler  rs4851.o
    0x08001614   0x0000001c   Code   RO         2298    i.USART2_IRQHandler  rs4852.o
    0x08001630   0x000000f4   Code   RO         2316    i.USART3_IRQHandler  rs4853.o
    0x08001724   0x00000012   Code   RO         1201    i.USART_ClearFlag   stm32f10x_usart.o
    0x08001736   0x00000018   Code   RO         1205    i.USART_Cmd         stm32f10x_usart.o
    0x0800174e   0x00000054   Code   RO         1209    i.USART_GetITStatus  stm32f10x_usart.o
    0x080017a2   0x0000004a   Code   RO         1211    i.USART_ITConfig    stm32f10x_usart.o
    0x080017ec   0x000000d8   Code   RO         1212    i.USART_Init        stm32f10x_usart.o
    0x080018c4   0x0000000a   Code   RO         1219    i.USART_ReceiveData  stm32f10x_usart.o
    0x080018ce   0x00000008   Code   RO         1222    i.USART_SendData    stm32f10x_usart.o
    0x080018d6   0x00000004   Code   RO          164    i.UsageFault_Handler  stm32f10x_it.o
    0x080018da   0x0000000e   Code   RO         2488    i.__scatterload_copy  mc_w.l(handlers.o)
    0x080018e8   0x00000002   Code   RO         2489    i.__scatterload_null  mc_w.l(handlers.o)
    0x080018ea   0x0000000e   Code   RO         2490    i.__scatterload_zeroinit  mc_w.l(handlers.o)
    0x080018f8   0x0000004c   Code   RO         2131    i.delay_ms          systick.o
    0x08001944   0x00000188   Code   RO            2    i.main              main.o
    0x08001acc   0x0000003c   Code   RO         2191    i.u11_senddata      uart5.o
    0x08001b08   0x0000003c   Code   RO         2192    i.u1_senddata       uart5.o
    0x08001b44   0x0000003c   Code   RO         2193    i.u2_senddata       uart5.o
    0x08001b80   0x0000003c   Code   RO         2194    i.u33_senddata      uart5.o
    0x08001bbc   0x0000003c   Code   RO         2195    i.u3_senddata       uart5.o
    0x08001bf8   0x00000028   Code   RO         2197    i.u5_senddata       uart5.o
    0x08001c20   0x000000a8   Code   RO         2198    i.uart5_Init        uart5.o
    0x08001cc8   0x00000020   Data   RO         2486    Region$$Table       anon$$obj.o


    Execution Region RW_IRAM1 (Base: 0x20000000, Size: 0x00000738, Max: 0x0000c000, ABSOLUTE, COMPRESSED[0x00000088])

    Base Addr    Size         Type   Attr      Idx    E Section Name        Object

    0x20000000   0x00000001   Data   RW            4    .data               main.o
    0x20000001   0x00000014   Data   RW          395    .data               stm32f10x_rcc.o
    0x20000015   0x00000001   PAD
    0x20000016   0x00000004   Data   RW         2133    .data               systick.o
    0x2000001a   0x00000002   PAD
    0x2000001c   0x0000001c   Data   RW         2200    .data               uart5.o
    0x20000038   0x0000000c   Data   RW         2277    .data               rs4851.o
    0x20000044   0x0000000c   Data   RW         2318    .data               rs4853.o
    0x20000050   0x00000024   Data   RW         2341    .data               rs4854.o
    0x20000074   0x000000f0   Data   RW         2417    .data               motor.o
    0x20000164   0x0000001a   Zero   RW            3    .bss                main.o
    0x2000017e   0x00000002   PAD
    0x20000180   0x00000088   Zero   RW         2199    .bss                uart5.o
    0x20000208   0x00000064   Zero   RW         2276    .bss                rs4851.o
    0x2000026c   0x00000064   Zero   RW         2317    .bss                rs4853.o
    0x200002d0   0x00000064   Zero   RW         2340    .bss                rs4854.o
    0x20000334   0x00000004   PAD
    0x20000338   0x00000400   Zero   RW          241    STACK               startup_stm32f10x_hd.o


==============================================================================

Image component sizes


      Code (inc. data)   RO Data    RW Data    ZI Data      Debug   Object Name

        56          6          0          0          0        427   led.o
       444         64          0          1         26     254833   main.o
       172         22          0          0          0       2125   misc.o
      1564        140          0        240          0       7949   motor.o
       464         44          0         12        100       2161   rs4851.o
       244         20          0          0          0       1122   rs4852.o
       464         46          0         12        100       2153   rs4853.o
       496         64          0         36        100       2036   rs4854.o
        36          8        304          0       1024        816   startup_stm32f10x_hd.o
       286          0          0          0          0       3080   stm32f10x_gpio.o
        26          0          0          0          0       3578   stm32f10x_it.o
       276         32          0         20          0       4502   stm32f10x_rcc.o
        40          0          0          0          0       1794   stm32f10x_tim.o
       434          6          0          0          0       6149   stm32f10x_usart.o
       328         28          0          0          0       1833   system_stm32f10x.o
       136         12          0          4          0       1114   systick.o
        22          0          0          0          0        406   timer.o
      1392        140          0         28        136       5841   uart5.o

    ----------------------------------------------------------------------
      6892        632        336        356       1492     301919   Object Totals
         0          0         32          0          0          0   (incl. Generated)
        12          0          0          3          6          0   (incl. Padding)

    ----------------------------------------------------------------------

      Code (inc. data)   RO Data    RW Data    ZI Data      Debug   Library Member Name

        86          0          0          0          0          0   __dczerorl2.o
         0          0          0          0          0          0   entry.o
         0          0          0          0          0          0   entry10a.o
         0          0          0          0          0          0   entry11a.o
         8          4          0          0          0          0   entry2.o
         4          0          0          0          0          0   entry5.o
         0          0          0          0          0          0   entry7b.o
         0          0          0          0          0          0   entry8b.o
         8          4          0          0          0          0   entry9a.o
        30          0          0          0          0          0   handlers.o
        36          8          0          0          0         68   init.o

    ----------------------------------------------------------------------
       172         16          0          0          0         68   Library Totals
         0          0          0          0          0          0   (incl. Padding)

    ----------------------------------------------------------------------

      Code (inc. data)   RO Data    RW Data    ZI Data      Debug   Library Name

       172         16          0          0          0         68   mc_w.l

    ----------------------------------------------------------------------
       172         16          0          0          0         68   Library Totals

    ----------------------------------------------------------------------

==============================================================================


      Code (inc. data)   RO Data    RW Data    ZI Data      Debug   

      7064        648        336        356       1492     299307   Grand Totals
      7064        648        336        136       1492     299307   ELF Image Totals (compressed)
      7064        648        336        136          0          0   ROM Totals

==============================================================================

    Total RO  Size (Code + RO Data)                 7400 (   7.23kB)
    Total RW  Size (RW Data + ZI Data)              1848 (   1.80kB)
    Total ROM Size (Code + RO Data + RW Data)       7536 (   7.36kB)

==============================================================================

